Archive member included to satisfy reference by file (symbol)

c:/program files (x86)/gnu tools arm embedded/6 2017-q1-update/bin/../lib/gcc/arm-none-eabi/6.3.1/../../../../arm-none-eabi/lib/thumb/v6-m\libc_nano.a(lib_a-exit.o)
                              c:/program files (x86)/gnu tools arm embedded/6 2017-q1-update/bin/../lib/gcc/arm-none-eabi/6.3.1/../../../../arm-none-eabi/lib/thumb/v6-m/crt0.o (exit)
c:/program files (x86)/gnu tools arm embedded/6 2017-q1-update/bin/../lib/gcc/arm-none-eabi/6.3.1/../../../../arm-none-eabi/lib/thumb/v6-m\libc_nano.a(lib_a-impure.o)
                              c:/program files (x86)/gnu tools arm embedded/6 2017-q1-update/bin/../lib/gcc/arm-none-eabi/6.3.1/../../../../arm-none-eabi/lib/thumb/v6-m\libc_nano.a(lib_a-exit.o) (_global_impure_ptr)
c:/program files (x86)/gnu tools arm embedded/6 2017-q1-update/bin/../lib/gcc/arm-none-eabi/6.3.1/../../../../arm-none-eabi/lib/thumb/v6-m\libc_nano.a(lib_a-init.o)
                              c:/program files (x86)/gnu tools arm embedded/6 2017-q1-update/bin/../lib/gcc/arm-none-eabi/6.3.1/../../../../arm-none-eabi/lib/thumb/v6-m/crt0.o (__libc_init_array)
c:/program files (x86)/gnu tools arm embedded/6 2017-q1-update/bin/../lib/gcc/arm-none-eabi/6.3.1/../../../../arm-none-eabi/lib/thumb/v6-m\libc_nano.a(lib_a-memcpy-stub.o)
                              build/queue.o (memcpy)
c:/program files (x86)/gnu tools arm embedded/6 2017-q1-update/bin/../lib/gcc/arm-none-eabi/6.3.1/../../../../arm-none-eabi/lib/thumb/v6-m\libc_nano.a(lib_a-memset.o)
                              c:/program files (x86)/gnu tools arm embedded/6 2017-q1-update/bin/../lib/gcc/arm-none-eabi/6.3.1/../../../../arm-none-eabi/lib/thumb/v6-m/crt0.o (memset)
c:/program files (x86)/gnu tools arm embedded/6 2017-q1-update/bin/../lib/gcc/arm-none-eabi/6.3.1/../../../../arm-none-eabi/lib/thumb/v6-m\libc_nano.a(lib_a-puts.o)
                              build/main.o (puts)
c:/program files (x86)/gnu tools arm embedded/6 2017-q1-update/bin/../lib/gcc/arm-none-eabi/6.3.1/../../../../arm-none-eabi/lib/thumb/v6-m\libc_nano.a(lib_a-wbuf.o)
                              c:/program files (x86)/gnu tools arm embedded/6 2017-q1-update/bin/../lib/gcc/arm-none-eabi/6.3.1/../../../../arm-none-eabi/lib/thumb/v6-m\libc_nano.a(lib_a-puts.o) (__swbuf_r)
c:/program files (x86)/gnu tools arm embedded/6 2017-q1-update/bin/../lib/gcc/arm-none-eabi/6.3.1/../../../../arm-none-eabi/lib/thumb/v6-m\libc_nano.a(lib_a-wsetup.o)
                              c:/program files (x86)/gnu tools arm embedded/6 2017-q1-update/bin/../lib/gcc/arm-none-eabi/6.3.1/../../../../arm-none-eabi/lib/thumb/v6-m\libc_nano.a(lib_a-puts.o) (__swsetup_r)
c:/program files (x86)/gnu tools arm embedded/6 2017-q1-update/bin/../lib/gcc/arm-none-eabi/6.3.1/../../../../arm-none-eabi/lib/thumb/v6-m\libc_nano.a(lib_a-fflush.o)
                              c:/program files (x86)/gnu tools arm embedded/6 2017-q1-update/bin/../lib/gcc/arm-none-eabi/6.3.1/../../../../arm-none-eabi/lib/thumb/v6-m\libc_nano.a(lib_a-wbuf.o) (_fflush_r)
c:/program files (x86)/gnu tools arm embedded/6 2017-q1-update/bin/../lib/gcc/arm-none-eabi/6.3.1/../../../../arm-none-eabi/lib/thumb/v6-m\libc_nano.a(lib_a-findfp.o)
                              c:/program files (x86)/gnu tools arm embedded/6 2017-q1-update/bin/../lib/gcc/arm-none-eabi/6.3.1/../../../../arm-none-eabi/lib/thumb/v6-m\libc_nano.a(lib_a-puts.o) (__sinit)
c:/program files (x86)/gnu tools arm embedded/6 2017-q1-update/bin/../lib/gcc/arm-none-eabi/6.3.1/../../../../arm-none-eabi/lib/thumb/v6-m\libc_nano.a(lib_a-fwalk.o)
                              c:/program files (x86)/gnu tools arm embedded/6 2017-q1-update/bin/../lib/gcc/arm-none-eabi/6.3.1/../../../../arm-none-eabi/lib/thumb/v6-m\libc_nano.a(lib_a-findfp.o) (_fwalk)
c:/program files (x86)/gnu tools arm embedded/6 2017-q1-update/bin/../lib/gcc/arm-none-eabi/6.3.1/../../../../arm-none-eabi/lib/thumb/v6-m\libc_nano.a(lib_a-makebuf.o)
                              c:/program files (x86)/gnu tools arm embedded/6 2017-q1-update/bin/../lib/gcc/arm-none-eabi/6.3.1/../../../../arm-none-eabi/lib/thumb/v6-m\libc_nano.a(lib_a-wsetup.o) (__smakebuf_r)
c:/program files (x86)/gnu tools arm embedded/6 2017-q1-update/bin/../lib/gcc/arm-none-eabi/6.3.1/../../../../arm-none-eabi/lib/thumb/v6-m\libc_nano.a(lib_a-nano-freer.o)
                              c:/program files (x86)/gnu tools arm embedded/6 2017-q1-update/bin/../lib/gcc/arm-none-eabi/6.3.1/../../../../arm-none-eabi/lib/thumb/v6-m\libc_nano.a(lib_a-wsetup.o) (_free_r)
c:/program files (x86)/gnu tools arm embedded/6 2017-q1-update/bin/../lib/gcc/arm-none-eabi/6.3.1/../../../../arm-none-eabi/lib/thumb/v6-m\libc_nano.a(lib_a-nano-mallocr.o)
                              c:/program files (x86)/gnu tools arm embedded/6 2017-q1-update/bin/../lib/gcc/arm-none-eabi/6.3.1/../../../../arm-none-eabi/lib/thumb/v6-m\libc_nano.a(lib_a-findfp.o) (_malloc_r)
[...]
Memory Configuration

Name             Origin             Length             Attributes
RAM              0x20000000         0x00004000         xrw
FLASH            0x08000000         0x00020000         xr
*default*        0x00000000         0xffffffff

Linker script and memory map

LOAD c:/program files (x86)/gnu tools arm embedded/6 2017-q1-update/bin/../lib/gcc/arm-none-eabi/6.3.1/thumb/v6-m/crti.o
LOAD c:/program files (x86)/gnu tools arm embedded/6 2017-q1-update/bin/../lib/gcc/arm-none-eabi/6.3.1/thumb/v6-m/crtbegin.o
LOAD c:/program files (x86)/gnu tools arm embedded/6 2017-q1-update/bin/../lib/gcc/arm-none-eabi/6.3.1/../../../../arm-none-eabi/lib/thumb/v6-m/crt0.o
LOAD build/croutine.o
LOAD build/event_groups.o
LOAD build/stm32f0xx_it.o
LOAD build/queue.o
LOAD build/freertos.o
LOAD build/stm32f0xx_hal_tim_ex.o
LOAD build/uart.o
LOAD build/main.o
LOAD build/stm32f0xx_hal_rtc_ex.o
LOAD build/stm32f0xx_hal_flash.o
LOAD build/stm32f0xx_hal_rcc_ex.o
LOAD build/tasks.o
LOAD build/stm32f0xx_hal_i2c.o
LOAD build/stm32f0xx_hal_tim.o
LOAD build/stm32f0xx_hal_cortex.o
LOAD build/stm32f0xx_hal_rtc.o
LOAD build/stm32f0xx_hal_flash_ex.o
LOAD build/stm32f0xx_hal_uart_ex.o
LOAD build/heap_4.o
LOAD build/stm32f0xx_hal_rcc.o
LOAD build/port.o
LOAD build/cmsis_os.o
LOAD build/list.o
LOAD build/stm32f0xx_hal_pwr_ex.o
LOAD build/stm32f0xx_hal_dma.o
LOAD build/stm32f0xx_hal_pwr.o
LOAD build/system_stm32f0xx.o
LOAD build/stm32f0xx_hal_uart.o
LOAD build/stm32f0xx_hal_gpio.o
LOAD build/timers.o
LOAD build/stm32f0xx_hal_msp.o
LOAD build/stm32f0xx_hal_i2c_ex.o
LOAD build/stm32f0xx_hal.o
LOAD build/startup_stm32f072xb.o
LOAD c:/program files (x86)/gnu tools arm embedded/6 2017-q1-update/bin/../lib/gcc/arm-none-eabi/6.3.1/../../../../arm-none-eabi/lib/thumb/v6-m\libc_nano.a
LOAD c:/program files (x86)/gnu tools arm embedded/6 2017-q1-update/bin/../lib/gcc/arm-none-eabi/6.3.1/../../../../arm-none-eabi/lib/thumb/v6-m\libm.a
LOAD c:/program files (x86)/gnu tools arm embedded/6 2017-q1-update/bin/../lib/gcc/arm-none-eabi/6.3.1/../../../../arm-none-eabi/lib/thumb/v6-m\libnosys.a
START GROUP
LOAD c:/program files (x86)/gnu tools arm embedded/6 2017-q1-update/bin/../lib/gcc/arm-none-eabi/6.3.1/thumb/v6-m\libgcc.a
LOAD c:/program files (x86)/gnu tools arm embedded/6 2017-q1-update/bin/../lib/gcc/arm-none-eabi/6.3.1/../../../../arm-none-eabi/lib/thumb/v6-m\libc_nano.a
END GROUP
START GROUP
LOAD c:/program files (x86)/gnu tools arm embedded/6 2017-q1-update/bin/../lib/gcc/arm-none-eabi/6.3.1/thumb/v6-m\libgcc.a
LOAD c:/program files (x86)/gnu tools arm embedded/6 2017-q1-update/bin/../lib/gcc/arm-none-eabi/6.3.1/../../../../arm-none-eabi/lib/thumb/v6-m\libc_nano.a
END GROUP
LOAD c:/program files (x86)/gnu tools arm embedded/6 2017-q1-update/bin/../lib/gcc/arm-none-eabi/6.3.1/thumb/v6-m/crtend.o
LOAD c:/program files (x86)/gnu tools arm embedded/6 2017-q1-update/bin/../lib/gcc/arm-none-eabi/6.3.1/thumb/v6-m/crtn.o
                0x20004000                _estack = 0x20004000
                0x00000200                _Min_Heap_Size = 0x200
                0x00000400                _Min_Stack_Size = 0x400

.isr_vector     0x08000000       0xc0
                0x08000000                . = ALIGN (0x4)
 *(.isr_vector)
 .isr_vector    0x08000000       0xc0 build/startup_stm32f072xb.o
                0x08000000                g_pfnVectors
                0x080000c0                . = ALIGN (0x4)

.text           0x080000c0     0x2e70
                0x080000c0                . = ALIGN (0x4)
 *(.text)
 .text          0x080000c0       0x60 c:/program files (x86)/gnu tools arm embedded/6 2017-q1-update/bin/../lib/gcc/arm-none-eabi/6.3.1/thumb/v6-m/crtbegin.o
 .text          0x08000120      0x114 c:/program files (x86)/gnu tools arm embedded/6 2017-q1-update/bin/../lib/gcc/arm-none-eabi/6.3.1/thumb/v6-m\libgcc.a(_udivsi3.o)
                0x08000120                __aeabi_uidiv
                0x08000120                __udivsi3
                0x0800022c                __aeabi_uidivmod
 .text          0x08000234        0x4 c:/program files (x86)/gnu tools arm embedded/6 2017-q1-update/bin/../lib/gcc/arm-none-eabi/6.3.1/thumb/v6-m\libgcc.a(_dvmd_tls.o)
                0x08000234                __aeabi_idiv0
                0x08000234                __aeabi_ldiv0
 *(.text*)
 .text.SysTick_Handler
                0x08000238        0xc build/stm32f0xx_it.o
                0x08000238                SysTick_Handler
 .text.MX_USART2_UART_Init
                0x08000244       0x44 build/uart.o
                0x08000244                MX_USART2_UART_Init
 .text.Test_UART
                0x08000288       0x1c build/uart.o
                0x08000288                Test_UART
 .text._write   0x080002a4       0x20 build/uart.o
                0x080002a4                _write
 .text.MX_GPIO_Init
                0x080002c4       0x84 build/main.o
 .text.StartDefaultTask
                0x08000348        0xa build/main.o
                0x08000348                StartDefaultTask
 .text._Error_Handler
                0x08000352        0x2 build/main.o
                0x08000352                _Error_Handler
 .text.MX_RTC_Init
                0x08000354       0xa0 build/main.o
 .text.SystemClock_Config
                0x080003f4       0xa8 build/main.o
                0x080003f4                SystemClock_Config
 .text.main     0x0800049c       0x50 build/main.o
                0x0800049c                main
 .text.HAL_RTCEx_BKUPWrite
                0x080004ec        0xc build/stm32f0xx_hal_rtc_ex.o
                0x080004ec                HAL_RTCEx_BKUPWrite
 .text.HAL_RTCEx_BKUPRead
                0x080004f8        0xc build/stm32f0xx_hal_rtc_ex.o
                0x080004f8                HAL_RTCEx_BKUPRead
 .text.HAL_RCCEx_PeriphCLKConfig
                0x08000504      0x158 build/stm32f0xx_hal_rcc_ex.o
                0x08000504                HAL_RCCEx_PeriphCLKConfig
 .text.prvResetNextTaskUnblockTime
                0x0800065c       0x38 build/tasks.o
 .text.prvDeleteTCB
                0x08000694       0x12 build/tasks.o
 *fill*         0x080006a6        0x2 
 .text.prvInitialiseNewTask
                0x080006a8       0x88 build/tasks.o
 .text.prvInitialiseTaskLists
                0x08000730       0x68 build/tasks.o
 .text.prvAddNewTaskToReadyList
                0x08000798       0xa0 build/tasks.o
 .text.prvAddCurrentTaskToDelayedList
                0x08000838       0x7c build/tasks.o
 .text.xTaskCreate
                0x080008b4       0x5e build/tasks.o
                0x080008b4                xTaskCreate
 *fill*         0x08000912        0x2 
 .text.vTaskStartScheduler
                0x08000914       0x5c build/tasks.o
                0x08000914                vTaskStartScheduler
 .text.vTaskSuspendAll
                0x08000970       0x10 build/tasks.o
                0x08000970                vTaskSuspendAll
 .text.xTaskIncrementTick
                0x08000980      0x11c build/tasks.o
                0x08000980                xTaskIncrementTick
 .text.xTaskResumeAll
                0x08000a9c       0xec build/tasks.o
                0x08000a9c                xTaskResumeAll
 .text.vTaskDelay
                0x08000b88       0x34 build/tasks.o
                0x08000b88                vTaskDelay
 .text.prvCheckTasksWaitingTermination
                0x08000bbc       0x54 build/tasks.o
 .text.prvIdleTask
                0x08000c10       0x18 build/tasks.o
 .text.vTaskSwitchContext
                0x08000c28       0x8c build/tasks.o
                0x08000c28                vTaskSwitchContext
 .text.xTaskGetSchedulerState
                0x08000cb4       0x24 build/tasks.o
                0x08000cb4                xTaskGetSchedulerState
 .text.HAL_NVIC_SetPriority
                0x08000cd8       0x64 build/stm32f0xx_hal_cortex.o
                0x08000cd8                HAL_NVIC_SetPriority
 .text.HAL_SYSTICK_Config
                0x08000d3c       0x38 build/stm32f0xx_hal_cortex.o
                0x08000d3c                HAL_SYSTICK_Config
 .text.HAL_SYSTICK_CLKSourceConfig
                0x08000d74       0x20 build/stm32f0xx_hal_cortex.o
                0x08000d74                HAL_SYSTICK_CLKSourceConfig
 .text.HAL_RTC_WaitForSynchro
                0x08000d94       0x32 build/stm32f0xx_hal_rtc.o
                0x08000d94                HAL_RTC_WaitForSynchro
 .text.RTC_EnterInitMode
                0x08000dc6       0x3a build/stm32f0xx_hal_rtc.o
                0x08000dc6                RTC_EnterInitMode
 .text.HAL_RTC_Init
                0x08000e00       0xc4 build/stm32f0xx_hal_rtc.o
                0x08000e00                HAL_RTC_Init
 .text.RTC_ByteToBcd2
                0x08000ec4       0x16 build/stm32f0xx_hal_rtc.o
                0x08000ec4                RTC_ByteToBcd2
 *fill*         0x08000eda        0x2 
 .text.HAL_RTC_SetTime
                0x08000edc       0xfc build/stm32f0xx_hal_rtc.o
                0x08000edc                HAL_RTC_SetTime
 .text.HAL_RTC_SetDate
                0x08000fd8       0xd8 build/stm32f0xx_hal_rtc.o
                0x08000fd8                HAL_RTC_SetDate
 .text.prvHeapInit
                0x080010b0       0x64 build/heap_4.o
 .text.prvInsertBlockIntoFreeList
                0x08001114       0x54 build/heap_4.o
 .text.pvPortMalloc
                0x08001168       0xd8 build/heap_4.o
                0x08001168                pvPortMalloc
 .text.vPortFree
                0x08001240       0x54 build/heap_4.o
                0x08001240                vPortFree
 .text.HAL_RCC_OscConfig
                0x08001294      0x4f8 build/stm32f0xx_hal_rcc.o
                0x08001294                HAL_RCC_OscConfig
 .text.HAL_RCC_GetSysClockFreq
                0x0800178c       0x94 build/stm32f0xx_hal_rcc.o
                0x0800178c                HAL_RCC_GetSysClockFreq
 .text.HAL_RCC_ClockConfig
                0x08001820      0x184 build/stm32f0xx_hal_rcc.o
                0x08001820                HAL_RCC_ClockConfig
 .text.HAL_RCC_GetHCLKFreq
                0x080019a4        0xc build/stm32f0xx_hal_rcc.o
                0x080019a4                HAL_RCC_GetHCLKFreq
 .text.HAL_RCC_GetPCLK1Freq
                0x080019b0       0x20 build/stm32f0xx_hal_rcc.o
                0x080019b0                HAL_RCC_GetPCLK1Freq
 .text.prvTaskExitError
                0x080019d0       0x14 build/port.o
 *fill*         0x080019e4        0xc 
 .text.vPortStartFirstTask
                0x080019f0       0x34 build/port.o
 .text.pxPortInitialiseStack
                0x08001a24       0x20 build/port.o
                0x08001a24                pxPortInitialiseStack
 .text.SVC_Handler
                0x08001a44        0x2 build/port.o
                0x08001a44                SVC_Handler
 *fill*         0x08001a46        0x2 
 .text.vPortYield
                0x08001a48       0x18 build/port.o
                0x08001a48                vPortYield
 .text.vPortEnterCritical
                0x08001a60       0x18 build/port.o
                0x08001a60                vPortEnterCritical
 .text.vPortExitCritical
                0x08001a78       0x20 build/port.o
                0x08001a78                vPortExitCritical
 .text.ulSetInterruptMaskFromISR
                0x08001a98        0xa build/port.o
                0x08001a98                ulSetInterruptMaskFromISR
 .text.vClearInterruptMaskFromISR
                0x08001aa2        0x6 build/port.o
                0x08001aa2                vClearInterruptMaskFromISR
 *fill*         0x08001aa8        0x8 
 .text.PendSV_Handler
                0x08001ab0       0x44 build/port.o
                0x08001ab0                PendSV_Handler
 .text.xPortSysTickHandler
                0x08001af4       0x24 build/port.o
                0x08001af4                xPortSysTickHandler
 .text.vPortSetupTimerInterrupt
                0x08001b18       0x28 build/port.o
                0x08001b18                vPortSetupTimerInterrupt
 .text.xPortStartScheduler
                0x08001b40       0x34 build/port.o
                0x08001b40                xPortStartScheduler
 .text.makeFreeRtosPriority
                0x08001b74        0xc build/cmsis_os.o
 .text.osKernelStart
                0x08001b80        0xa build/cmsis_os.o
                0x08001b80                osKernelStart
 .text.osThreadCreate
                0x08001b8a       0x34 build/cmsis_os.o
                0x08001b8a                osThreadCreate
 .text.osDelay  0x08001bbe       0x10 build/cmsis_os.o
                0x08001bbe                osDelay
 .text.osSystickHandler
                0x08001bce       0x10 build/cmsis_os.o
                0x08001bce                osSystickHandler
 .text.vListInitialise
                0x08001bde       0x16 build/list.o
                0x08001bde                vListInitialise
 .text.vListInitialiseItem
                0x08001bf4        0x6 build/list.o
                0x08001bf4                vListInitialiseItem
 .text.vListInsertEnd
                0x08001bfa       0x18 build/list.o
                0x08001bfa                vListInsertEnd
 .text.vListInsert
                0x08001c12       0x30 build/list.o
                0x08001c12                vListInsert
 .text.uxListRemove
                0x08001c42       0x26 build/list.o
                0x08001c42                uxListRemove
 .text.SystemInit
                0x08001c68       0x60 build/system_stm32f0xx.o
                0x08001c68                SystemInit
 .text.UART_SetConfig
                0x08001cc8      0x208 build/stm32f0xx_hal_uart.o
                0x08001cc8                UART_SetConfig
 .text.UART_AdvFeatureConfig
                0x08001ed0       0xe0 build/stm32f0xx_hal_uart.o
                0x08001ed0                UART_AdvFeatureConfig
 .text.UART_WaitOnFlagUntilTimeout
                0x08001fb0       0x6c build/stm32f0xx_hal_uart.o
                0x08001fb0                UART_WaitOnFlagUntilTimeout
 .text.HAL_UART_Transmit
                0x0800201c       0xe2 build/stm32f0xx_hal_uart.o
                0x0800201c                HAL_UART_Transmit
 *fill*         0x080020fe        0x2 
 .text.UART_CheckIdleState
                0x08002100       0x84 build/stm32f0xx_hal_uart.o
                0x08002100                UART_CheckIdleState
 .text.HAL_UART_Init
                0x08002184       0x70 build/stm32f0xx_hal_uart.o
                0x08002184                HAL_UART_Init
 .text.HAL_GPIO_Init
                0x080021f4      0x19c build/stm32f0xx_hal_gpio.o
                0x080021f4                HAL_GPIO_Init
 .text.HAL_GPIO_WritePin
                0x08002390        0xc build/stm32f0xx_hal_gpio.o
                0x08002390                HAL_GPIO_WritePin
 .text.HAL_MspInit
                0x0800239c       0x44 build/stm32f0xx_hal_msp.o
                0x0800239c                HAL_MspInit
 .text.HAL_RTC_MspInit
                0x080023e0       0x20 build/stm32f0xx_hal_msp.o
                0x080023e0                HAL_RTC_MspInit
 .text.HAL_UART_MspInit
                0x08002400       0x4c build/stm32f0xx_hal_msp.o
                0x08002400                HAL_UART_MspInit
 .text.HAL_InitTick
                0x0800244c       0x24 build/stm32f0xx_hal.o
                0x0800244c                HAL_InitTick
 .text.HAL_Init
                0x08002470       0x20 build/stm32f0xx_hal.o
                0x08002470                HAL_Init
 .text.HAL_IncTick
                0x08002490       0x10 build/stm32f0xx_hal.o
                0x08002490                HAL_IncTick
 .text.HAL_GetTick
                0x080024a0        0xc build/stm32f0xx_hal.o
                0x080024a0                HAL_GetTick
 .text.Reset_Handler
                0x080024ac       0x50 build/startup_stm32f072xb.o
                0x080024ac                Reset_Handler
 .text.Default_Handler
                0x080024fc        0x2 build/startup_stm32f072xb.o
                0x080024fc                TIM1_CC_IRQHandler
                0x080024fc                TSC_IRQHandler
                0x080024fc                HardFault_Handler
                0x080024fc                ADC1_COMP_IRQHandler
                0x080024fc                NMI_Handler
                0x080024fc                I2C1_IRQHandler
                0x080024fc                RCC_CRS_IRQHandler
                0x080024fc                SPI1_IRQHandler
                0x080024fc                TIM6_DAC_IRQHandler
                0x080024fc                USART3_4_IRQHandler
                0x080024fc                EXTI2_3_IRQHandler
                0x080024fc                I2C2_IRQHandler
                0x080024fc                TIM17_IRQHandler
                0x080024fc                CEC_CAN_IRQHandler
                0x080024fc                RTC_IRQHandler
                0x080024fc                PVD_VDDIO2_IRQHandler
                0x080024fc                DMA1_Channel4_5_6_7_IRQHandler
                0x080024fc                TIM16_IRQHandler
                0x080024fc                TIM3_IRQHandler
                0x080024fc                EXTI4_15_IRQHandler
                0x080024fc                DMA1_Channel1_IRQHandler
                0x080024fc                Default_Handler
                0x080024fc                TIM14_IRQHandler
                0x080024fc                TIM7_IRQHandler
                0x080024fc                TIM15_IRQHandler
                0x080024fc                EXTI0_1_IRQHandler
                0x080024fc                USB_IRQHandler
                0x080024fc                SPI2_IRQHandler
                0x080024fc                WWDG_IRQHandler
                0x080024fc                TIM2_IRQHandler
                0x080024fc                DMA1_Channel2_3_IRQHandler
                0x080024fc                USART2_IRQHandler
                0x080024fc                FLASH_IRQHandler
                0x080024fc                USART1_IRQHandler
                0x080024fc                TIM1_BRK_UP_TRG_COM_IRQHandler
 *fill*         0x080024fe        0x2 
 .text.__libc_init_array
                0x08002500       0x48 c:/program files (x86)/gnu tools arm embedded/6 2017-q1-update/bin/../lib/gcc/arm-none-eabi/6.3.1/../../../../arm-none-eabi/lib/thumb/v6-m\libc_nano.a(lib_a-init.o)
                0x08002500                __libc_init_array
 .text.memset   0x08002548       0x10 c:/program files (x86)/gnu tools arm embedded/6 2017-q1-update/bin/../lib/gcc/arm-none-eabi/6.3.1/../../../../arm-none-eabi/lib/thumb/v6-m\libc_nano.a(lib_a-memset.o)
                0x08002548                memset
 .text._puts_r  0x08002558       0xc0 c:/program files (x86)/gnu tools arm embedded/6 2017-q1-update/bin/../lib/gcc/arm-none-eabi/6.3.1/../../../../arm-none-eabi/lib/thumb/v6-m\libc_nano.a(lib_a-puts.o)
                0x08002558                _puts_r
 .text.puts     0x08002618       0x14 c:/program files (x86)/gnu tools arm embedded/6 2017-q1-update/bin/../lib/gcc/arm-none-eabi/6.3.1/../../../../arm-none-eabi/lib/thumb/v6-m\libc_nano.a(lib_a-puts.o)
                0x08002618                puts
 .text.__swbuf_r
                0x0800262c       0xac c:/program files (x86)/gnu tools arm embedded/6 2017-q1-update/bin/../lib/gcc/arm-none-eabi/6.3.1/../../../../arm-none-eabi/lib/thumb/v6-m\libc_nano.a(lib_a-wbuf.o)
                0x0800262c                __swbuf_r
 .text.__swsetup_r
                0x080026d8       0xec c:/program files (x86)/gnu tools arm embedded/6 2017-q1-update/bin/../lib/gcc/arm-none-eabi/6.3.1/../../../../arm-none-eabi/lib/thumb/v6-m\libc_nano.a(lib_a-wsetup.o)
                0x080026d8                __swsetup_r
 .text.__sflush_r
                0x080027c4      0x114 c:/program files (x86)/gnu tools arm embedded/6 2017-q1-update/bin/../lib/gcc/arm-none-eabi/6.3.1/../../../../arm-none-eabi/lib/thumb/v6-m\libc_nano.a(lib_a-fflush.o)
                0x080027c4                __sflush_r
 .text._fflush_r
                0x080028d8       0x58 c:/program files (x86)/gnu tools arm embedded/6 2017-q1-update/bin/../lib/gcc/arm-none-eabi/6.3.1/../../../../arm-none-eabi/lib/thumb/v6-m\libc_nano.a(lib_a-fflush.o)
                0x080028d8                _fflush_r
 .text._cleanup_r
                0x08002930       0x10 c:/program files (x86)/gnu tools arm embedded/6 2017-q1-update/bin/../lib/gcc/arm-none-eabi/6.3.1/../../../../arm-none-eabi/lib/thumb/v6-m\libc_nano.a(lib_a-findfp.o)
                0x08002930                _cleanup_r
 .text.std.isra.0
                0x08002940       0x48 c:/program files (x86)/gnu tools arm embedded/6 2017-q1-update/bin/../lib/gcc/arm-none-eabi/6.3.1/../../../../arm-none-eabi/lib/thumb/v6-m\libc_nano.a(lib_a-findfp.o)
 .text.__sfmoreglue
                0x08002988       0x2c c:/program files (x86)/gnu tools arm embedded/6 2017-q1-update/bin/../lib/gcc/arm-none-eabi/6.3.1/../../../../arm-none-eabi/lib/thumb/v6-m\libc_nano.a(lib_a-findfp.o)
                0x08002988                __sfmoreglue
 .text.__sinit  0x080029b4       0x68 c:/program files (x86)/gnu tools arm embedded/6 2017-q1-update/bin/../lib/gcc/arm-none-eabi/6.3.1/../../../../arm-none-eabi/lib/thumb/v6-m\libc_nano.a(lib_a-findfp.o)
                0x080029b4                __sinit
 .text.__sfp    0x08002a1c       0x80 c:/program files (x86)/gnu tools arm embedded/6 2017-q1-update/bin/../lib/gcc/arm-none-eabi/6.3.1/../../../../arm-none-eabi/lib/thumb/v6-m\libc_nano.a(lib_a-findfp.o)
                0x08002a1c                __sfp
 .text._fwalk_reent
                0x08002a9c       0x42 c:/program files (x86)/gnu tools arm embedded/6 2017-q1-update/bin/../lib/gcc/arm-none-eabi/6.3.1/../../../../arm-none-eabi/lib/thumb/v6-m\libc_nano.a(lib_a-fwalk.o)
                0x08002a9c                _fwalk_reent
 *fill*         0x08002ade        0x2 
 .text.__swhatbuf_r
                0x08002ae0       0x50 c:/program files (x86)/gnu tools arm embedded/6 2017-q1-update/bin/../lib/gcc/arm-none-eabi/6.3.1/../../../../arm-none-eabi/lib/thumb/v6-m\libc_nano.a(lib_a-makebuf.o)
                0x08002ae0                __swhatbuf_r
 .text.__smakebuf_r
                0x08002b30       0x88 c:/program files (x86)/gnu tools arm embedded/6 2017-q1-update/bin/../lib/gcc/arm-none-eabi/6.3.1/../../../../arm-none-eabi/lib/thumb/v6-m\libc_nano.a(lib_a-makebuf.o)
                0x08002b30                __smakebuf_r
 .text._free_r  0x08002bb8       0x94 c:/program files (x86)/gnu tools arm embedded/6 2017-q1-update/bin/../lib/gcc/arm-none-eabi/6.3.1/../../../../arm-none-eabi/lib/thumb/v6-m\libc_nano.a(lib_a-nano-freer.o)
                0x08002bb8                _free_r
 .text._malloc_r
                0x08002c4c       0xbc c:/program files (x86)/gnu tools arm embedded/6 2017-q1-update/bin/../lib/gcc/arm-none-eabi/6.3.1/../../../../arm-none-eabi/lib/thumb/v6-m\libc_nano.a(lib_a-nano-mallocr.o)
                0x08002c4c                _malloc_r
 .text._sbrk_r  0x08002d08       0x24 c:/program files (x86)/gnu tools arm embedded/6 2017-q1-update/bin/../lib/gcc/arm-none-eabi/6.3.1/../../../../arm-none-eabi/lib/thumb/v6-m\libc_nano.a(lib_a-sbrkr.o)
                0x08002d08                _sbrk_r
 .text.__sread  0x08002d2c       0x28 c:/program files (x86)/gnu tools arm embedded/6 2017-q1-update/bin/../lib/gcc/arm-none-eabi/6.3.1/../../../../arm-none-eabi/lib/thumb/v6-m\libc_nano.a(lib_a-stdio.o)
                0x08002d2c                __sread
 .text.__swrite
                0x08002d54       0x38 c:/program files (x86)/gnu tools arm embedded/6 2017-q1-update/bin/../lib/gcc/arm-none-eabi/6.3.1/../../../../arm-none-eabi/lib/thumb/v6-m\libc_nano.a(lib_a-stdio.o)
                0x08002d54                __swrite
 .text.__sseek  0x08002d8c       0x2c c:/program files (x86)/gnu tools arm embedded/6 2017-q1-update/bin/../lib/gcc/arm-none-eabi/6.3.1/../../../../arm-none-eabi/lib/thumb/v6-m\libc_nano.a(lib_a-stdio.o)
                0x08002d8c                __sseek
 .text.__sclose
                0x08002db8        0xc c:/program files (x86)/gnu tools arm embedded/6 2017-q1-update/bin/../lib/gcc/arm-none-eabi/6.3.1/../../../../arm-none-eabi/lib/thumb/v6-m\libc_nano.a(lib_a-stdio.o)
                0x08002db8                __sclose
 .text._write_r
                0x08002dc4       0x28 c:/program files (x86)/gnu tools arm embedded/6 2017-q1-update/bin/../lib/gcc/arm-none-eabi/6.3.1/../../../../arm-none-eabi/lib/thumb/v6-m\libc_nano.a(lib_a-writer.o)
                0x08002dc4                _write_r
 .text._close_r
                0x08002dec       0x24 c:/program files (x86)/gnu tools arm embedded/6 2017-q1-update/bin/../lib/gcc/arm-none-eabi/6.3.1/../../../../arm-none-eabi/lib/thumb/v6-m\libc_nano.a(lib_a-closer.o)
                0x08002dec                _close_r
 .text._fstat_r
                0x08002e10       0x24 c:/program files (x86)/gnu tools arm embedded/6 2017-q1-update/bin/../lib/gcc/arm-none-eabi/6.3.1/../../../../arm-none-eabi/lib/thumb/v6-m\libc_nano.a(lib_a-fstatr.o)
                0x08002e10                _fstat_r
 .text._isatty_r
                0x08002e34       0x24 c:/program files (x86)/gnu tools arm embedded/6 2017-q1-update/bin/../lib/gcc/arm-none-eabi/6.3.1/../../../../arm-none-eabi/lib/thumb/v6-m\libc_nano.a(lib_a-isattyr.o)
                0x08002e34                _isatty_r
 .text._lseek_r
                0x08002e58       0x28 c:/program files (x86)/gnu tools arm embedded/6 2017-q1-update/bin/../lib/gcc/arm-none-eabi/6.3.1/../../../../arm-none-eabi/lib/thumb/v6-m\libc_nano.a(lib_a-lseekr.o)
                0x08002e58                _lseek_r
 .text.__malloc_lock
                0x08002e80        0x2 c:/program files (x86)/gnu tools arm embedded/6 2017-q1-update/bin/../lib/gcc/arm-none-eabi/6.3.1/../../../../arm-none-eabi/lib/thumb/v6-m\libc_nano.a(lib_a-mlock.o)
                0x08002e80                __malloc_lock
 .text.__malloc_unlock
                0x08002e82        0x2 c:/program files (x86)/gnu tools arm embedded/6 2017-q1-update/bin/../lib/gcc/arm-none-eabi/6.3.1/../../../../arm-none-eabi/lib/thumb/v6-m\libc_nano.a(lib_a-mlock.o)
                0x08002e82                __malloc_unlock
 .text._read_r  0x08002e84       0x28 c:/program files (x86)/gnu tools arm embedded/6 2017-q1-update/bin/../lib/gcc/arm-none-eabi/6.3.1/../../../../arm-none-eabi/lib/thumb/v6-m\libc_nano.a(lib_a-readr.o)
                0x08002e84                _read_r
 .text._close   0x08002eac       0x10 c:/program files (x86)/gnu tools arm embedded/6 2017-q1-update/bin/../lib/gcc/arm-none-eabi/6.3.1/../../../../arm-none-eabi/lib/thumb/v6-m\libnosys.a(close.o)
                0x08002eac                _close
 .text._fstat   0x08002ebc       0x10 c:/program files (x86)/gnu tools arm embedded/6 2017-q1-update/bin/../lib/gcc/arm-none-eabi/6.3.1/../../../../arm-none-eabi/lib/thumb/v6-m\libnosys.a(fstat.o)
                0x08002ebc                _fstat
 .text._isatty  0x08002ecc       0x10 c:/program files (x86)/gnu tools arm embedded/6 2017-q1-update/bin/../lib/gcc/arm-none-eabi/6.3.1/../../../../arm-none-eabi/lib/thumb/v6-m\libnosys.a(isatty.o)
                0x08002ecc                _isatty
 .text._lseek   0x08002edc       0x10 c:/program files (x86)/gnu tools arm embedded/6 2017-q1-update/bin/../lib/gcc/arm-none-eabi/6.3.1/../../../../arm-none-eabi/lib/thumb/v6-m\libnosys.a(lseek.o)
                0x08002edc                _lseek
 .text._read    0x08002eec       0x10 c:/program files (x86)/gnu tools arm embedded/6 2017-q1-update/bin/../lib/gcc/arm-none-eabi/6.3.1/../../../../arm-none-eabi/lib/thumb/v6-m\libnosys.a(read.o)
                0x08002eec                _read
 .text._sbrk    0x08002efc       0x1c c:/program files (x86)/gnu tools arm embedded/6 2017-q1-update/bin/../lib/gcc/arm-none-eabi/6.3.1/../../../../arm-none-eabi/lib/thumb/v6-m\libnosys.a(sbrk.o)
                0x08002efc                _sbrk
 *(.glue_7)
 .glue_7        0x08002f18        0x0 linker stubs
 *(.glue_7t)
 .glue_7t       0x08002f18        0x0 linker stubs
 *(.eh_frame)
 .eh_frame      0x08002f18        0x0 c:/program files (x86)/gnu tools arm embedded/6 2017-q1-update/bin/../lib/gcc/arm-none-eabi/6.3.1/thumb/v6-m/crtbegin.o
 *(.init)
 .init          0x08002f18        0x4 c:/program files (x86)/gnu tools arm embedded/6 2017-q1-update/bin/../lib/gcc/arm-none-eabi/6.3.1/thumb/v6-m/crti.o
                0x08002f18                _init
 .init          0x08002f1c        0x8 c:/program files (x86)/gnu tools arm embedded/6 2017-q1-update/bin/../lib/gcc/arm-none-eabi/6.3.1/thumb/v6-m/crtn.o
 *(.fini)
 .fini          0x08002f24        0x4 c:/program files (x86)/gnu tools arm embedded/6 2017-q1-update/bin/../lib/gcc/arm-none-eabi/6.3.1/thumb/v6-m/crti.o
                0x08002f24                _fini
 .fini          0x08002f28        0x8 c:/program files (x86)/gnu tools arm embedded/6 2017-q1-update/bin/../lib/gcc/arm-none-eabi/6.3.1/thumb/v6-m/crtn.o
                0x08002f30                . = ALIGN (0x4)
                0x08002f30                _etext = .

.vfp11_veneer   0x08002f30        0x0
 .vfp11_veneer  0x08002f30        0x0 linker stubs

.v4_bx          0x08002f30        0x0
 .v4_bx         0x08002f30        0x0 linker stubs

.iplt           0x08002f30        0x0
 .iplt          0x08002f30        0x0 c:/program files (x86)/gnu tools arm embedded/6 2017-q1-update/bin/../lib/gcc/arm-none-eabi/6.3.1/thumb/v6-m/crtbegin.o

.rodata         0x08002f30       0xf8
                0x08002f30                . = ALIGN (0x4)
 *(.rodata)
 .rodata        0x08002f30       0x14 build/main.o
 .rodata        0x08002f44       0x20 build/stm32f0xx_hal_rcc.o
 *(.rodata*)
 .rodata.MX_USART2_UART_Init.str1.4
                0x08002f64        0xb build/uart.o
 *fill*         0x08002f6f        0x1 
 .rodata.Test_UART.str1.4
                0x08002f70        0xe build/uart.o
 *fill*         0x08002f7e        0x2 
 .rodata.MX_RTC_Init.str1.4
                0x08002f80        0xb build/main.o
 *fill*         0x08002f8b        0x1 
 .rodata.main.str1.4
                0x08002f8c        0xc build/main.o
 .rodata.str1.4
                0x08002f98        0xc build/main.o
 .rodata.vTaskStartScheduler.str1.4
                0x08002fa4        0x8 build/tasks.o
                                  0x5 (size before relaxing)
 .rodata.AHBPrescTable
                0x08002fac       0x10 build/system_stm32f0xx.o
                0x08002fac                AHBPrescTable
 .rodata.APBPrescTable
                0x08002fbc        0x8 build/system_stm32f0xx.o
                0x08002fbc                APBPrescTable
 .rodata._global_impure_ptr
                0x08002fc4        0x4 c:/program files (x86)/gnu tools arm embedded/6 2017-q1-update/bin/../lib/gcc/arm-none-eabi/6.3.1/../../../../arm-none-eabi/lib/thumb/v6-m\libc_nano.a(lib_a-impure.o)
                0x08002fc4                _global_impure_ptr
 .rodata.__sf_fake_stderr
                0x08002fc8       0x20 c:/program files (x86)/gnu tools arm embedded/6 2017-q1-update/bin/../lib/gcc/arm-none-eabi/6.3.1/../../../../arm-none-eabi/lib/thumb/v6-m\libc_nano.a(lib_a-findfp.o)
                0x08002fc8                __sf_fake_stderr
 .rodata.__sf_fake_stdin
                0x08002fe8       0x20 c:/program files (x86)/gnu tools arm embedded/6 2017-q1-update/bin/../lib/gcc/arm-none-eabi/6.3.1/../../../../arm-none-eabi/lib/thumb/v6-m\libc_nano.a(lib_a-findfp.o)
                0x08002fe8                __sf_fake_stdin
 .rodata.__sf_fake_stdout
                0x08003008       0x20 c:/program files (x86)/gnu tools arm embedded/6 2017-q1-update/bin/../lib/gcc/arm-none-eabi/6.3.1/../../../../arm-none-eabi/lib/thumb/v6-m\libc_nano.a(lib_a-findfp.o)
                0x08003008                __sf_fake_stdout
                0x08003028                . = ALIGN (0x4)

.rel.dyn        0x08003028        0x0
 .rel.iplt      0x08003028        0x0 c:/program files (x86)/gnu tools arm embedded/6 2017-q1-update/bin/../lib/gcc/arm-none-eabi/6.3.1/thumb/v6-m/crtbegin.o

.ARM.extab
 *(.ARM.extab* .gnu.linkonce.armextab.*)

.ARM            0x08003028        0x0
                0x08003028                __exidx_start = .
 *(.ARM.exidx*)
                0x08003028                __exidx_end = .

.preinit_array  0x08003028        0x0
                0x08003028                PROVIDE (__preinit_array_start, .)
 *(.preinit_array*)
                0x08003028                PROVIDE (__preinit_array_end, .)

.init_array     0x08003028        0x4
                0x08003028                PROVIDE (__init_array_start, .)
 *(SORT(.init_array.*))
 *(.init_array*)
 .init_array    0x08003028        0x4 c:/program files (x86)/gnu tools arm embedded/6 2017-q1-update/bin/../lib/gcc/arm-none-eabi/6.3.1/thumb/v6-m/crtbegin.o
                0x0800302c                PROVIDE (__init_array_end, .)

.fini_array     0x0800302c        0x4
                [!provide]                PROVIDE (__fini_array_start, .)
 *(SORT(.fini_array.*))
 *(.fini_array*)
 .fini_array    0x0800302c        0x4 c:/program files (x86)/gnu tools arm embedded/6 2017-q1-update/bin/../lib/gcc/arm-none-eabi/6.3.1/thumb/v6-m/crtbegin.o
                [!provide]                PROVIDE (__fini_array_end, .)
                0x08003030                _sidata = LOADADDR (.data)

.data           0x20000000       0x6c load address 0x08003030
                0x20000000                . = ALIGN (0x4)
                0x20000000                _sdata = .
 *(.data)
 *(.data*)
 .data.uxCriticalNesting
                0x20000000        0x4 build/port.o
 .data.SystemCoreClock
                0x20000004        0x4 build/system_stm32f0xx.o
                0x20000004                SystemCoreClock
 .data._impure_ptr
                0x20000008        0x4 c:/program files (x86)/gnu tools arm embedded/6 2017-q1-update/bin/../lib/gcc/arm-none-eabi/6.3.1/../../../../arm-none-eabi/lib/thumb/v6-m\libc_nano.a(lib_a-impure.o)
                0x20000008                _impure_ptr
 .data.impure_data
                0x2000000c       0x60 c:/program files (x86)/gnu tools arm embedded/6 2017-q1-update/bin/../lib/gcc/arm-none-eabi/6.3.1/../../../../arm-none-eabi/lib/thumb/v6-m\libc_nano.a(lib_a-impure.o)
                0x2000006c                . = ALIGN (0x4)
                0x2000006c                _edata = .

.jcr            0x2000006c        0x0 load address 0x0800309c
 .jcr           0x2000006c        0x0 c:/program files (x86)/gnu tools arm embedded/6 2017-q1-update/bin/../lib/gcc/arm-none-eabi/6.3.1/thumb/v6-m/crtbegin.o

.igot.plt       0x2000006c        0x0 load address 0x0800309c
 .igot.plt      0x2000006c        0x0 c:/program files (x86)/gnu tools arm embedded/6 2017-q1-update/bin/../lib/gcc/arm-none-eabi/6.3.1/thumb/v6-m/crtbegin.o
                0x2000006c                . = ALIGN (0x4)

.bss            0x2000006c      0xe08 load address 0x0800309c
                0x2000006c                _sbss = .
                0x2000006c                __bss_start__ = _sbss
 *(.bss)
 .bss           0x2000006c       0x1c c:/program files (x86)/gnu tools arm embedded/6 2017-q1-update/bin/../lib/gcc/arm-none-eabi/6.3.1/thumb/v6-m/crtbegin.o
 *(.bss*)
 .bss.pxCurrentTCB
                0x20000088        0x4 build/tasks.o
                0x20000088                pxCurrentTCB
 .bss.pxDelayedTaskList
                0x2000008c        0x4 build/tasks.o
 .bss.pxOverflowDelayedTaskList
                0x20000090        0x4 build/tasks.o
 .bss.pxReadyTasksLists
                0x20000094       0x8c build/tasks.o
 .bss.uxCurrentNumberOfTasks
                0x20000120        0x4 build/tasks.o
 .bss.uxDeletedTasksWaitingCleanUp
                0x20000124        0x4 build/tasks.o
 .bss.uxPendedTicks
                0x20000128        0x4 build/tasks.o
 .bss.uxSchedulerSuspended
                0x2000012c        0x4 build/tasks.o
 .bss.uxTaskNumber
                0x20000130        0x4 build/tasks.o
 .bss.uxTopReadyPriority
                0x20000134        0x4 build/tasks.o
 .bss.xDelayedTaskList1
                0x20000138       0x14 build/tasks.o
 .bss.xDelayedTaskList2
                0x2000014c       0x14 build/tasks.o
 .bss.xIdleTaskHandle
                0x20000160        0x4 build/tasks.o
 .bss.xNextTaskUnblockTime
                0x20000164        0x4 build/tasks.o
 .bss.xNumOfOverflows
                0x20000168        0x4 build/tasks.o
 .bss.xPendingReadyList
                0x2000016c       0x14 build/tasks.o
 .bss.xSchedulerRunning
                0x20000180        0x4 build/tasks.o
 .bss.xSuspendedTaskList
                0x20000184       0x14 build/tasks.o
 .bss.xTasksWaitingTermination
                0x20000198       0x14 build/tasks.o
 .bss.xTickCount
                0x200001ac        0x4 build/tasks.o
 .bss.xYieldPending
                0x200001b0        0x4 build/tasks.o
 .bss.pxEnd     0x200001b4        0x4 build/heap_4.o
 .bss.ucHeap    0x200001b8      0xc00 build/heap_4.o
 .bss.xBlockAllocatedBit
                0x20000db8        0x4 build/heap_4.o
 .bss.xFreeBytesRemaining
                0x20000dbc        0x4 build/heap_4.o
 .bss.xMinimumEverFreeBytesRemaining
                0x20000dc0        0x4 build/heap_4.o
 .bss.xStart    0x20000dc4        0x8 build/heap_4.o
 .bss.__malloc_free_list
                0x20000dcc        0x4 c:/program files (x86)/gnu tools arm embedded/6 2017-q1-update/bin/../lib/gcc/arm-none-eabi/6.3.1/../../../../arm-none-eabi/lib/thumb/v6-m\libc_nano.a(lib_a-nano-mallocr.o)
                0x20000dcc                __malloc_free_list
 .bss.__malloc_sbrk_start
                0x20000dd0        0x4 c:/program files (x86)/gnu tools arm embedded/6 2017-q1-update/bin/../lib/gcc/arm-none-eabi/6.3.1/../../../../arm-none-eabi/lib/thumb/v6-m\libc_nano.a(lib_a-nano-mallocr.o)
                0x20000dd0                __malloc_sbrk_start
 .bss.heap_end.4116
                0x20000dd4        0x4 c:/program files (x86)/gnu tools arm embedded/6 2017-q1-update/bin/../lib/gcc/arm-none-eabi/6.3.1/../../../../arm-none-eabi/lib/thumb/v6-m\libnosys.a(sbrk.o)
 *(COMMON)
 COMMON         0x20000dd8       0x70 build/uart.o
                0x20000dd8                huart2
 COMMON         0x20000e48       0x24 build/main.o
                0x20000e48                defaultTaskHandle
                0x20000e4c                hrtc
 COMMON         0x20000e6c        0x4 build/stm32f0xx_hal.o
                0x20000e6c                uwTick
 COMMON         0x20000e70        0x4 c:/program files (x86)/gnu tools arm embedded/6 2017-q1-update/bin/../lib/gcc/arm-none-eabi/6.3.1/../../../../arm-none-eabi/lib/thumb/v6-m\libc_nano.a(lib_a-reent.o)
                0x20000e70                errno
                0x20000e74                . = ALIGN (0x4)
                0x20000e74                _ebss = .
                0x20000e74                __bss_end__ = _ebss

._user_heap_stack
                0x20000e74      0x604 load address 0x0800309c
                0x20000e78                . = ALIGN (0x8)
 *fill*         0x20000e74        0x4 
                0x20000e78                PROVIDE (end, .)
                [!provide]                PROVIDE (_end, .)
                0x20001078                . = (. + _Min_Heap_Size)
 *fill*         0x20000e78      0x200 
                0x20001478                . = (. + _Min_Stack_Size)
 *fill*         0x20001078      0x400 
                0x20001478                . = ALIGN (0x8)

/DISCARD/
 libc.a(*)
 libm.a(*)
 libgcc.a(*)

.ARM.attributes
                0x00000000       0x28
 *(.ARM.attributes)
 .ARM.attributes
                0x00000000       0x1e c:/program files (x86)/gnu tools arm embedded/6 2017-q1-update/bin/../lib/gcc/arm-none-eabi/6.3.1/thumb/v6-m/crti.o
 .ARM.attributes
                0x0000001e       0x2c c:/program files (x86)/gnu tools arm embedded/6 2017-q1-update/bin/../lib/gcc/arm-none-eabi/6.3.1/thumb/v6-m/crtbegin.o
 .ARM.attributes
                0x0000004a       0x31 build/stm32f0xx_it.o
 .ARM.attributes
                0x0000007b       0x31 build/uart.o
 .ARM.attributes
                0x000000ac       0x31 build/main.o
 .ARM.attributes
                0x000000dd       0x31 build/stm32f0xx_hal_rtc_ex.o
 .ARM.attributes
                0x0000010e       0x31 build/stm32f0xx_hal_rcc_ex.o
 .ARM.attributes
                0x0000013f       0x31 build/tasks.o
 .ARM.attributes
                0x00000170       0x31 build/stm32f0xx_hal_cortex.o
 .ARM.attributes
                0x000001a1       0x31 build/stm32f0xx_hal_rtc.o
 .ARM.attributes
                0x000001d2       0x31 build/heap_4.o
 .ARM.attributes
                0x00000203       0x31 build/stm32f0xx_hal_rcc.o
 .ARM.attributes
                0x00000234       0x31 build/port.o
 .ARM.attributes
                0x00000265       0x31 build/cmsis_os.o
 .ARM.attributes
                0x00000296       0x31 build/list.o
 .ARM.attributes
                0x000002c7       0x31 build/system_stm32f0xx.o
 .ARM.attributes
                0x000002f8       0x31 build/stm32f0xx_hal_uart.o
 .ARM.attributes
                0x00000329       0x31 build/stm32f0xx_hal_gpio.o
 .ARM.attributes
                0x0000035a       0x31 build/stm32f0xx_hal_msp.o
 .ARM.attributes
                0x0000038b       0x31 build/stm32f0xx_hal.o
 .ARM.attributes
                0x000003bc       0x21 build/startup_stm32f072xb.o
 .ARM.attributes
                0x000003dd       0x2c c:/program files (x86)/gnu tools arm embedded/6 2017-q1-update/bin/../lib/gcc/arm-none-eabi/6.3.1/../../../../arm-none-eabi/lib/thumb/v6-m\libc_nano.a(lib_a-impure.o)
 .ARM.attributes
                0x00000409       0x2c c:/program files (x86)/gnu tools arm embedded/6 2017-q1-update/bin/../lib/gcc/arm-none-eabi/6.3.1/../../../../arm-none-eabi/lib/thumb/v6-m\libc_nano.a(lib_a-init.o)
 .ARM.attributes
                0x00000435       0x2c c:/program files (x86)/gnu tools arm embedded/6 2017-q1-update/bin/../lib/gcc/arm-none-eabi/6.3.1/../../../../arm-none-eabi/lib/thumb/v6-m\libc_nano.a(lib_a-memset.o)
 .ARM.attributes
                0x00000461       0x2c c:/program files (x86)/gnu tools arm embedded/6 2017-q1-update/bin/../lib/gcc/arm-none-eabi/6.3.1/../../../../arm-none-eabi/lib/thumb/v6-m\libc_nano.a(lib_a-puts.o)
 .ARM.attributes
                0x0000048d       0x2c c:/program files (x86)/gnu tools arm embedded/6 2017-q1-update/bin/../lib/gcc/arm-none-eabi/6.3.1/../../../../arm-none-eabi/lib/thumb/v6-m\libc_nano.a(lib_a-wbuf.o)
 .ARM.attributes
                0x000004b9       0x2c c:/program files (x86)/gnu tools arm embedded/6 2017-q1-update/bin/../lib/gcc/arm-none-eabi/6.3.1/../../../../arm-none-eabi/lib/thumb/v6-m\libc_nano.a(lib_a-wsetup.o)
 .ARM.attributes
                0x000004e5       0x2c c:/program files (x86)/gnu tools arm embedded/6 2017-q1-update/bin/../lib/gcc/arm-none-eabi/6.3.1/../../../../arm-none-eabi/lib/thumb/v6-m\libc_nano.a(lib_a-fflush.o)
 .ARM.attributes
                0x00000511       0x2c c:/program files (x86)/gnu tools arm embedded/6 2017-q1-update/bin/../lib/gcc/arm-none-eabi/6.3.1/../../../../arm-none-eabi/lib/thumb/v6-m\libc_nano.a(lib_a-findfp.o)
 .ARM.attributes
                0x0000053d       0x2c c:/program files (x86)/gnu tools arm embedded/6 2017-q1-update/bin/../lib/gcc/arm-none-eabi/6.3.1/../../../../arm-none-eabi/lib/thumb/v6-m\libc_nano.a(lib_a-fwalk.o)
 .ARM.attributes
                0x00000569       0x2c c:/program files (x86)/gnu tools arm embedded/6 2017-q1-update/bin/../lib/gcc/arm-none-eabi/6.3.1/../../../../arm-none-eabi/lib/thumb/v6-m\libc_nano.a(lib_a-makebuf.o)
 .ARM.attributes
                0x00000595       0x2c c:/program files (x86)/gnu tools arm embedded/6 2017-q1-update/bin/../lib/gcc/arm-none-eabi/6.3.1/../../../../arm-none-eabi/lib/thumb/v6-m\libc_nano.a(lib_a-nano-freer.o)
 .ARM.attributes
                0x000005c1       0x2c c:/program files (x86)/gnu tools arm embedded/6 2017-q1-update/bin/../lib/gcc/arm-none-eabi/6.3.1/../../../../arm-none-eabi/lib/thumb/v6-m\libc_nano.a(lib_a-nano-mallocr.o)
 .ARM.attributes
                0x000005ed       0x2c c:/program files (x86)/gnu tools arm embedded/6 2017-q1-update/bin/../lib/gcc/arm-none-eabi/6.3.1/../../../../arm-none-eabi/lib/thumb/v6-m\libc_nano.a(lib_a-sbrkr.o)
 .ARM.attributes
                0x00000619       0x2c c:/program files (x86)/gnu tools arm embedded/6 2017-q1-update/bin/../lib/gcc/arm-none-eabi/6.3.1/../../../../arm-none-eabi/lib/thumb/v6-m\libc_nano.a(lib_a-stdio.o)
 .ARM.attributes
                0x00000645       0x2c c:/program files (x86)/gnu tools arm embedded/6 2017-q1-update/bin/../lib/gcc/arm-none-eabi/6.3.1/../../../../arm-none-eabi/lib/thumb/v6-m\libc_nano.a(lib_a-writer.o)
 .ARM.attributes
                0x00000671       0x2c c:/program files (x86)/gnu tools arm embedded/6 2017-q1-update/bin/../lib/gcc/arm-none-eabi/6.3.1/../../../../arm-none-eabi/lib/thumb/v6-m\libc_nano.a(lib_a-closer.o)
 .ARM.attributes
                0x0000069d       0x2c c:/program files (x86)/gnu tools arm embedded/6 2017-q1-update/bin/../lib/gcc/arm-none-eabi/6.3.1/../../../../arm-none-eabi/lib/thumb/v6-m\libc_nano.a(lib_a-fstatr.o)
 .ARM.attributes
                0x000006c9       0x2c c:/program files (x86)/gnu tools arm embedded/6 2017-q1-update/bin/../lib/gcc/arm-none-eabi/6.3.1/../../../../arm-none-eabi/lib/thumb/v6-m\libc_nano.a(lib_a-isattyr.o)
 .ARM.attributes
                0x000006f5       0x2c c:/program files (x86)/gnu tools arm embedded/6 2017-q1-update/bin/../lib/gcc/arm-none-eabi/6.3.1/../../../../arm-none-eabi/lib/thumb/v6-m\libc_nano.a(lib_a-lseekr.o)
 .ARM.attributes
                0x00000721       0x2c c:/program files (x86)/gnu tools arm embedded/6 2017-q1-update/bin/../lib/gcc/arm-none-eabi/6.3.1/../../../../arm-none-eabi/lib/thumb/v6-m\libc_nano.a(lib_a-mlock.o)
 .ARM.attributes
                0x0000074d       0x2c c:/program files (x86)/gnu tools arm embedded/6 2017-q1-update/bin/../lib/gcc/arm-none-eabi/6.3.1/../../../../arm-none-eabi/lib/thumb/v6-m\libc_nano.a(lib_a-readr.o)
 .ARM.attributes
                0x00000779       0x2c c:/program files (x86)/gnu tools arm embedded/6 2017-q1-update/bin/../lib/gcc/arm-none-eabi/6.3.1/../../../../arm-none-eabi/lib/thumb/v6-m\libc_nano.a(lib_a-reent.o)
 .ARM.attributes
                0x000007a5       0x2c c:/program files (x86)/gnu tools arm embedded/6 2017-q1-update/bin/../lib/gcc/arm-none-eabi/6.3.1/../../../../arm-none-eabi/lib/thumb/v6-m\libnosys.a(close.o)
 .ARM.attributes
                0x000007d1       0x2c c:/program files (x86)/gnu tools arm embedded/6 2017-q1-update/bin/../lib/gcc/arm-none-eabi/6.3.1/../../../../arm-none-eabi/lib/thumb/v6-m\libnosys.a(fstat.o)
 .ARM.attributes
                0x000007fd       0x2c c:/program files (x86)/gnu tools arm embedded/6 2017-q1-update/bin/../lib/gcc/arm-none-eabi/6.3.1/../../../../arm-none-eabi/lib/thumb/v6-m\libnosys.a(isatty.o)
 .ARM.attributes
                0x00000829       0x2c c:/program files (x86)/gnu tools arm embedded/6 2017-q1-update/bin/../lib/gcc/arm-none-eabi/6.3.1/../../../../arm-none-eabi/lib/thumb/v6-m\libnosys.a(lseek.o)
 .ARM.attributes
                0x00000855       0x2c c:/program files (x86)/gnu tools arm embedded/6 2017-q1-update/bin/../lib/gcc/arm-none-eabi/6.3.1/../../../../arm-none-eabi/lib/thumb/v6-m\libnosys.a(read.o)
 .ARM.attributes
                0x00000881       0x2c c:/program files (x86)/gnu tools arm embedded/6 2017-q1-update/bin/../lib/gcc/arm-none-eabi/6.3.1/../../../../arm-none-eabi/lib/thumb/v6-m\libnosys.a(sbrk.o)
 .ARM.attributes
                0x000008ad       0x1e c:/program files (x86)/gnu tools arm embedded/6 2017-q1-update/bin/../lib/gcc/arm-none-eabi/6.3.1/thumb/v6-m\libgcc.a(_udivsi3.o)
 .ARM.attributes
                0x000008cb       0x1e c:/program files (x86)/gnu tools arm embedded/6 2017-q1-update/bin/../lib/gcc/arm-none-eabi/6.3.1/thumb/v6-m\libgcc.a(_dvmd_tls.o)
 .ARM.attributes
                0x000008e9       0x1e c:/program files (x86)/gnu tools arm embedded/6 2017-q1-update/bin/../lib/gcc/arm-none-eabi/6.3.1/thumb/v6-m/crtn.o
OUTPUT(build/UART-Debug-Test.elf elf32-littlearm)

.debug_info     0x00000000    0x16c55
 .debug_info    0x00000000      0xa4b build/stm32f0xx_it.o
 .debug_info    0x00000a4b     0x11a8 build/uart.o
 .debug_info    0x00001bf3     0x1e46 build/main.o
 .debug_info    0x00003a39     0x195c build/stm32f0xx_hal_rtc_ex.o
 .debug_info    0x00005395     0x106f build/stm32f0xx_hal_rcc_ex.o
 .debug_info    0x00006404     0x25ee build/tasks.o
 .debug_info    0x000089f2     0x1154 build/stm32f0xx_hal_cortex.o
 .debug_info    0x00009b46     0x1705 build/stm32f0xx_hal_rtc.o
 .debug_info    0x0000b24b      0xcb7 build/heap_4.o
 .debug_info    0x0000bf02     0x1326 build/stm32f0xx_hal_rcc.o
 .debug_info    0x0000d228      0x2ef build/port.o
 .debug_info    0x0000d517     0x2573 build/cmsis_os.o
 .debug_info    0x0000fa8a      0xbe3 build/list.o
 .debug_info    0x0001066d      0xb86 build/system_stm32f0xx.o
 .debug_info    0x000111f3     0x232f build/stm32f0xx_hal_uart.o
 .debug_info    0x00013522      0xfc7 build/stm32f0xx_hal_gpio.o
 .debug_info    0x000144e9     0x16d2 build/stm32f0xx_hal_msp.o
 .debug_info    0x00015bbb     0x101b build/stm32f0xx_hal.o
 .debug_info    0x00016bd6       0x7f build/startup_stm32f072xb.o

.debug_abbrev   0x00000000     0x2fcd
 .debug_abbrev  0x00000000      0x1aa build/stm32f0xx_it.o
 .debug_abbrev  0x000001aa      0x262 build/uart.o
 .debug_abbrev  0x0000040c      0x2e2 build/main.o
 .debug_abbrev  0x000006ee      0x2cd build/stm32f0xx_hal_rtc_ex.o
 .debug_abbrev  0x000009bb      0x2d3 build/stm32f0xx_hal_rcc_ex.o
 .debug_abbrev  0x00000c8e      0x35c build/tasks.o
 .debug_abbrev  0x00000fea      0x32c build/stm32f0xx_hal_cortex.o
 .debug_abbrev  0x00001316      0x2cd build/stm32f0xx_hal_rtc.o
 .debug_abbrev  0x000015e3      0x2c2 build/heap_4.o
 .debug_abbrev  0x000018a5      0x2e4 build/stm32f0xx_hal_rcc.o
 .debug_abbrev  0x00001b89      0x1b1 build/port.o
 .debug_abbrev  0x00001d3a      0x3b4 build/cmsis_os.o
 .debug_abbrev  0x000020ee      0x217 build/list.o
 .debug_abbrev  0x00002305      0x1e6 build/system_stm32f0xx.o
 .debug_abbrev  0x000024eb      0x2df build/stm32f0xx_hal_uart.o
 .debug_abbrev  0x000027ca      0x2bc build/stm32f0xx_hal_gpio.o
 .debug_abbrev  0x00002a86      0x25e build/stm32f0xx_hal_msp.o
 .debug_abbrev  0x00002ce4      0x2d7 build/stm32f0xx_hal.o
 .debug_abbrev  0x00002fbb       0x12 build/startup_stm32f072xb.o

.debug_loc      0x00000000     0x8dbb
 .debug_loc     0x00000000       0x20 build/stm32f0xx_it.o
 .debug_loc     0x00000020       0xf7 build/uart.o
 .debug_loc     0x00000117       0xf2 build/main.o
 .debug_loc     0x00000209     0x1184 build/stm32f0xx_hal_rtc_ex.o
 .debug_loc     0x0000138d      0x837 build/stm32f0xx_hal_rcc_ex.o
 .debug_loc     0x00001bc4     0x1c5e build/tasks.o
 .debug_loc     0x00003822      0x3d3 build/stm32f0xx_hal_cortex.o
 .debug_loc     0x00003bf5      0xd46 build/stm32f0xx_hal_rtc.o
 .debug_loc     0x0000493b      0x2fd build/heap_4.o
 .debug_loc     0x00004c38      0x5be build/stm32f0xx_hal_rcc.o
 .debug_loc     0x000051f6      0x126 build/port.o
 .debug_loc     0x0000531c     0x176d build/cmsis_os.o
 .debug_loc     0x00006a89       0x90 build/list.o
 .debug_loc     0x00006b19      0x11e build/system_stm32f0xx.o
 .debug_loc     0x00006c37     0x1c3a build/stm32f0xx_hal_uart.o
 .debug_loc     0x00008871      0x356 build/stm32f0xx_hal_gpio.o
 .debug_loc     0x00008bc7       0xec build/stm32f0xx_hal_msp.o
 .debug_loc     0x00008cb3      0x108 build/stm32f0xx_hal.o

.debug_aranges  0x00000000      0xbd8
 .debug_aranges
                0x00000000       0x20 build/stm32f0xx_it.o
 .debug_aranges
                0x00000020       0x30 build/uart.o
 .debug_aranges
                0x00000050       0x48 build/main.o
 .debug_aranges
                0x00000098      0x120 build/stm32f0xx_hal_rtc_ex.o
 .debug_aranges
                0x000001b8       0x78 build/stm32f0xx_hal_rcc_ex.o
 .debug_aranges
                0x00000230      0x190 build/tasks.o
 .debug_aranges
                0x000003c0       0x78 build/stm32f0xx_hal_cortex.o
 .debug_aranges
                0x00000438       0xb8 build/stm32f0xx_hal_rtc.o
 .debug_aranges
                0x000004f0       0x50 build/heap_4.o
 .debug_aranges
                0x00000540       0x80 build/stm32f0xx_hal_rcc.o
 .debug_aranges
                0x000005c0       0x88 build/port.o
 .debug_aranges
                0x00000648      0x1d8 build/cmsis_os.o
 .debug_aranges
                0x00000820       0x40 build/list.o
 .debug_aranges
                0x00000860       0x28 build/system_stm32f0xx.o
 .debug_aranges
                0x00000888      0x1d8 build/stm32f0xx_hal_uart.o
 .debug_aranges
                0x00000a60       0x58 build/stm32f0xx_hal_gpio.o
 .debug_aranges
                0x00000ab8       0x40 build/stm32f0xx_hal_msp.o
 .debug_aranges
                0x00000af8       0xb8 build/stm32f0xx_hal.o
 .debug_aranges
                0x00000bb0       0x28 build/startup_stm32f072xb.o

.debug_ranges   0x00000000      0xbc8
 .debug_ranges  0x00000000       0x10 build/stm32f0xx_it.o
 .debug_ranges  0x00000010       0x20 build/uart.o
 .debug_ranges  0x00000030       0x38 build/main.o
 .debug_ranges  0x00000068      0x110 build/stm32f0xx_hal_rtc_ex.o
 .debug_ranges  0x00000178       0x80 build/stm32f0xx_hal_rcc_ex.o
 .debug_ranges  0x000001f8      0x220 build/tasks.o
 .debug_ranges  0x00000418       0xb0 build/stm32f0xx_hal_cortex.o
 .debug_ranges  0x000004c8       0xa8 build/stm32f0xx_hal_rtc.o
 .debug_ranges  0x00000570       0x40 build/heap_4.o
 .debug_ranges  0x000005b0       0x88 build/stm32f0xx_hal_rcc.o
 .debug_ranges  0x00000638       0x78 build/port.o
 .debug_ranges  0x000006b0      0x1c8 build/cmsis_os.o
 .debug_ranges  0x00000878       0x30 build/list.o
 .debug_ranges  0x000008a8       0x18 build/system_stm32f0xx.o
 .debug_ranges  0x000008c0      0x1c8 build/stm32f0xx_hal_uart.o
 .debug_ranges  0x00000a88       0x48 build/stm32f0xx_hal_gpio.o
 .debug_ranges  0x00000ad0       0x30 build/stm32f0xx_hal_msp.o
 .debug_ranges  0x00000b00       0xa8 build/stm32f0xx_hal.o
 .debug_ranges  0x00000ba8       0x20 build/startup_stm32f072xb.o

.debug_line     0x00000000     0x5eba
 .debug_line    0x00000000      0x261 build/stm32f0xx_it.o
 .debug_line    0x00000261      0x2b8 build/uart.o
 .debug_line    0x00000519      0x440 build/main.o
 .debug_line    0x00000959      0x8a9 build/stm32f0xx_hal_rtc_ex.o
 .debug_line    0x00001202      0x4e7 build/stm32f0xx_hal_rcc_ex.o
 .debug_line    0x000016e9      0xbce build/tasks.o
 .debug_line    0x000022b7      0x3ab build/stm32f0xx_hal_cortex.o
 .debug_line    0x00002662      0x5f1 build/stm32f0xx_hal_rtc.o
 .debug_line    0x00002c53      0x395 build/heap_4.o
 .debug_line    0x00002fe8      0x547 build/stm32f0xx_hal_rcc.o
 .debug_line    0x0000352f      0x2d2 build/port.o
 .debug_line    0x00003801      0x8e3 build/cmsis_os.o
 .debug_line    0x000040e4      0x33e build/list.o
 .debug_line    0x00004422      0x239 build/system_stm32f0xx.o
 .debug_line    0x0000465b      0xcf6 build/stm32f0xx_hal_uart.o
 .debug_line    0x00005351      0x3ca build/stm32f0xx_hal_gpio.o
 .debug_line    0x0000571b      0x31b build/stm32f0xx_hal_msp.o
 .debug_line    0x00005a36      0x40c build/stm32f0xx_hal.o
 .debug_line    0x00005e42       0x78 build/startup_stm32f072xb.o

.debug_str      0x00000000     0x409e
 .debug_str     0x00000000      0x57d build/stm32f0xx_it.o
                                0x5e6 (size before relaxing)
 .debug_str     0x0000057d      0x4fd build/uart.o
                                0xafe (size before relaxing)
 .debug_str     0x00000a7a      0x92c build/main.o
                               0x13d8 (size before relaxing)
 .debug_str     0x000013a6      0x571 build/stm32f0xx_hal_rtc_ex.o
                                0xde3 (size before relaxing)
 .debug_str     0x00001917      0x2ea build/stm32f0xx_hal_rcc_ex.o
                                0xa31 (size before relaxing)
 .debug_str     0x00001c01      0xb9a build/tasks.o
                               0x117f (size before relaxing)
 .debug_str     0x0000279b      0x1c5 build/stm32f0xx_hal_cortex.o
                                0xa67 (size before relaxing)
 .debug_str     0x00002960      0x1ca build/stm32f0xx_hal_rtc.o
                                0xab9 (size before relaxing)
 .debug_str     0x00002b2a      0x1e9 build/heap_4.o
                                0x7ba (size before relaxing)
 .debug_str     0x00002d13      0x17c build/stm32f0xx_hal_rcc.o
                                0xa0e (size before relaxing)
 .debug_str     0x00002e8f       0xe0 build/port.o
                                0x387 (size before relaxing)
 .debug_str     0x00002f6f      0x7aa build/cmsis_os.o
                               0x1199 (size before relaxing)
 .debug_str     0x00003719       0x6c build/list.o
                                0x6f0 (size before relaxing)
 .debug_str     0x00003785       0x38 build/system_stm32f0xx.o
                                0x650 (size before relaxing)
 .debug_str     0x000037bd      0x63d build/stm32f0xx_hal_uart.o
                               0x1192 (size before relaxing)
 .debug_str     0x00003dfa      0x101 build/stm32f0xx_hal_gpio.o
                                0x82a (size before relaxing)
 .debug_str     0x00003efb       0x24 build/stm32f0xx_hal_msp.o
                                0xeb9 (size before relaxing)
 .debug_str     0x00003f1f      0x17f build/stm32f0xx_hal.o
                                0xa5f (size before relaxing)

.comment        0x00000000       0x7f
 .comment       0x00000000       0x7f build/stm32f0xx_it.o
                                 0x80 (size before relaxing)
 .comment       0x0000007f       0x80 build/uart.o
 .comment       0x0000007f       0x80 build/main.o
 .comment       0x0000007f       0x80 build/stm32f0xx_hal_rtc_ex.o
 .comment       0x0000007f       0x80 build/stm32f0xx_hal_rcc_ex.o
 .comment       0x0000007f       0x80 build/tasks.o
 .comment       0x0000007f       0x80 build/stm32f0xx_hal_cortex.o
 .comment       0x0000007f       0x80 build/stm32f0xx_hal_rtc.o
 .comment       0x0000007f       0x80 build/heap_4.o
 .comment       0x0000007f       0x80 build/stm32f0xx_hal_rcc.o
 .comment       0x0000007f       0x80 build/port.o
 .comment       0x0000007f       0x80 build/cmsis_os.o
 .comment       0x0000007f       0x80 build/list.o
 .comment       0x0000007f       0x80 build/system_stm32f0xx.o
 .comment       0x0000007f       0x80 build/stm32f0xx_hal_uart.o
 .comment       0x0000007f       0x80 build/stm32f0xx_hal_gpio.o
 .comment       0x0000007f       0x80 build/stm32f0xx_hal_msp.o
 .comment       0x0000007f       0x80 build/stm32f0xx_hal.o

.debug_frame    0x00000000     0x2748
 .debug_frame   0x00000000       0x2c build/stm32f0xx_it.o
 .debug_frame   0x0000002c       0x64 build/uart.o
 .debug_frame   0x00000090       0xb4 build/main.o
 .debug_frame   0x00000144      0x3a8 build/stm32f0xx_hal_rtc_ex.o
 .debug_frame   0x000004ec      0x10c build/stm32f0xx_hal_rcc_ex.o
 .debug_frame   0x000005f8      0x530 build/tasks.o
 .debug_frame   0x00000b28       0xec build/stm32f0xx_hal_cortex.o
 .debug_frame   0x00000c14      0x254 build/stm32f0xx_hal_rtc.o
 .debug_frame   0x00000e68       0xac build/heap_4.o
 .debug_frame   0x00000f14      0x14c build/stm32f0xx_hal_rcc.o
 .debug_frame   0x00001060      0x120 build/port.o
 .debug_frame   0x00001180      0x5dc build/cmsis_os.o
 .debug_frame   0x0000175c       0x6c build/list.o
 .debug_frame   0x000017c8       0x3c build/system_stm32f0xx.o
 .debug_frame   0x00001804      0x594 build/stm32f0xx_hal_uart.o
 .debug_frame   0x00001d98       0xdc build/stm32f0xx_hal_gpio.o
 .debug_frame   0x00001e74       0x84 build/stm32f0xx_hal_msp.o
 .debug_frame   0x00001ef8      0x184 build/stm32f0xx_hal.o
 .debug_frame   0x0000207c       0x2c c:/program files (x86)/gnu tools arm embedded/6 2017-q1-update/bin/../lib/gcc/arm-none-eabi/6.3.1/../../../../arm-none-eabi/lib/thumb/v6-m\libc_nano.a(lib_a-init.o)
 .debug_frame   0x000020a8       0x20 c:/program files (x86)/gnu tools arm embedded/6 2017-q1-update/bin/../lib/gcc/arm-none-eabi/6.3.1/../../../../arm-none-eabi/lib/thumb/v6-m\libc_nano.a(lib_a-memset.o)
 .debug_frame   0x000020c8       0x44 c:/program files (x86)/gnu tools arm embedded/6 2017-q1-update/bin/../lib/gcc/arm-none-eabi/6.3.1/../../../../arm-none-eabi/lib/thumb/v6-m\libc_nano.a(lib_a-puts.o)
 .debug_frame   0x0000210c       0x48 c:/program files (x86)/gnu tools arm embedded/6 2017-q1-update/bin/../lib/gcc/arm-none-eabi/6.3.1/../../../../arm-none-eabi/lib/thumb/v6-m\libc_nano.a(lib_a-wbuf.o)
 .debug_frame   0x00002154       0x2c c:/program files (x86)/gnu tools arm embedded/6 2017-q1-update/bin/../lib/gcc/arm-none-eabi/6.3.1/../../../../arm-none-eabi/lib/thumb/v6-m\libc_nano.a(lib_a-wsetup.o)
 .debug_frame   0x00002180       0x68 c:/program files (x86)/gnu tools arm embedded/6 2017-q1-update/bin/../lib/gcc/arm-none-eabi/6.3.1/../../../../arm-none-eabi/lib/thumb/v6-m\libc_nano.a(lib_a-fflush.o)
 .debug_frame   0x000021e8      0x140 c:/program files (x86)/gnu tools arm embedded/6 2017-q1-update/bin/../lib/gcc/arm-none-eabi/6.3.1/../../../../arm-none-eabi/lib/thumb/v6-m\libc_nano.a(lib_a-findfp.o)
 .debug_frame   0x00002328       0x58 c:/program files (x86)/gnu tools arm embedded/6 2017-q1-update/bin/../lib/gcc/arm-none-eabi/6.3.1/../../../../arm-none-eabi/lib/thumb/v6-m\libc_nano.a(lib_a-fwalk.o)
 .debug_frame   0x00002380       0x54 c:/program files (x86)/gnu tools arm embedded/6 2017-q1-update/bin/../lib/gcc/arm-none-eabi/6.3.1/../../../../arm-none-eabi/lib/thumb/v6-m\libc_nano.a(lib_a-makebuf.o)
 .debug_frame   0x000023d4       0x2c c:/program files (x86)/gnu tools arm embedded/6 2017-q1-update/bin/../lib/gcc/arm-none-eabi/6.3.1/../../../../arm-none-eabi/lib/thumb/v6-m\libc_nano.a(lib_a-nano-freer.o)
 .debug_frame   0x00002400       0x2c c:/program files (x86)/gnu tools arm embedded/6 2017-q1-update/bin/../lib/gcc/arm-none-eabi/6.3.1/../../../../arm-none-eabi/lib/thumb/v6-m\libc_nano.a(lib_a-nano-mallocr.o)
 .debug_frame   0x0000242c       0x2c c:/program files (x86)/gnu tools arm embedded/6 2017-q1-update/bin/../lib/gcc/arm-none-eabi/6.3.1/../../../../arm-none-eabi/lib/thumb/v6-m\libc_nano.a(lib_a-sbrkr.o)
 .debug_frame   0x00002458       0x90 c:/program files (x86)/gnu tools arm embedded/6 2017-q1-update/bin/../lib/gcc/arm-none-eabi/6.3.1/../../../../arm-none-eabi/lib/thumb/v6-m\libc_nano.a(lib_a-stdio.o)
 .debug_frame   0x000024e8       0x2c c:/program files (x86)/gnu tools arm embedded/6 2017-q1-update/bin/../lib/gcc/arm-none-eabi/6.3.1/../../../../arm-none-eabi/lib/thumb/v6-m\libc_nano.a(lib_a-writer.o)
 .debug_frame   0x00002514       0x2c c:/program files (x86)/gnu tools arm embedded/6 2017-q1-update/bin/../lib/gcc/arm-none-eabi/6.3.1/../../../../arm-none-eabi/lib/thumb/v6-m\libc_nano.a(lib_a-closer.o)
 .debug_frame   0x00002540       0x2c c:/program files (x86)/gnu tools arm embedded/6 2017-q1-update/bin/../lib/gcc/arm-none-eabi/6.3.1/../../../../arm-none-eabi/lib/thumb/v6-m\libc_nano.a(lib_a-fstatr.o)
 .debug_frame   0x0000256c       0x2c c:/program files (x86)/gnu tools arm embedded/6 2017-q1-update/bin/../lib/gcc/arm-none-eabi/6.3.1/../../../../arm-none-eabi/lib/thumb/v6-m\libc_nano.a(lib_a-isattyr.o)
 .debug_frame   0x00002598       0x2c c:/program files (x86)/gnu tools arm embedded/6 2017-q1-update/bin/../lib/gcc/arm-none-eabi/6.3.1/../../../../arm-none-eabi/lib/thumb/v6-m\libc_nano.a(lib_a-lseekr.o)
 .debug_frame   0x000025c4       0x30 c:/program files (x86)/gnu tools arm embedded/6 2017-q1-update/bin/../lib/gcc/arm-none-eabi/6.3.1/../../../../arm-none-eabi/lib/thumb/v6-m\libc_nano.a(lib_a-mlock.o)
 .debug_frame   0x000025f4       0x2c c:/program files (x86)/gnu tools arm embedded/6 2017-q1-update/bin/../lib/gcc/arm-none-eabi/6.3.1/../../../../arm-none-eabi/lib/thumb/v6-m\libc_nano.a(lib_a-readr.o)
 .debug_frame   0x00002620       0x48 c:/program files (x86)/gnu tools arm embedded/6 2017-q1-update/bin/../lib/gcc/arm-none-eabi/6.3.1/../../../../arm-none-eabi/lib/thumb/v6-m\libc_nano.a(lib_a-reent.o)
 .debug_frame   0x00002668       0x20 c:/program files (x86)/gnu tools arm embedded/6 2017-q1-update/bin/../lib/gcc/arm-none-eabi/6.3.1/../../../../arm-none-eabi/lib/thumb/v6-m\libnosys.a(close.o)
 .debug_frame   0x00002688       0x20 c:/program files (x86)/gnu tools arm embedded/6 2017-q1-update/bin/../lib/gcc/arm-none-eabi/6.3.1/../../../../arm-none-eabi/lib/thumb/v6-m\libnosys.a(fstat.o)
 .debug_frame   0x000026a8       0x20 c:/program files (x86)/gnu tools arm embedded/6 2017-q1-update/bin/../lib/gcc/arm-none-eabi/6.3.1/../../../../arm-none-eabi/lib/thumb/v6-m\libnosys.a(isatty.o)
 .debug_frame   0x000026c8       0x20 c:/program files (x86)/gnu tools arm embedded/6 2017-q1-update/bin/../lib/gcc/arm-none-eabi/6.3.1/../../../../arm-none-eabi/lib/thumb/v6-m\libnosys.a(lseek.o)
 .debug_frame   0x000026e8       0x20 c:/program files (x86)/gnu tools arm embedded/6 2017-q1-update/bin/../lib/gcc/arm-none-eabi/6.3.1/../../../../arm-none-eabi/lib/thumb/v6-m\libnosys.a(read.o)
 .debug_frame   0x00002708       0x20 c:/program files (x86)/gnu tools arm embedded/6 2017-q1-update/bin/../lib/gcc/arm-none-eabi/6.3.1/../../../../arm-none-eabi/lib/thumb/v6-m\libnosys.a(sbrk.o)
 .debug_frame   0x00002728       0x20 c:/program files (x86)/gnu tools arm embedded/6 2017-q1-update/bin/../lib/gcc/arm-none-eabi/6.3.1/thumb/v6-m\libgcc.a(_udivsi3.o)

.stab           0x00000000       0x84
 .stab          0x00000000       0x24 c:/program files (x86)/gnu tools arm embedded/6 2017-q1-update/bin/../lib/gcc/arm-none-eabi/6.3.1/../../../../arm-none-eabi/lib/thumb/v6-m\libnosys.a(close.o)
 .stab          0x00000024       0x18 c:/program files (x86)/gnu tools arm embedded/6 2017-q1-update/bin/../lib/gcc/arm-none-eabi/6.3.1/../../../../arm-none-eabi/lib/thumb/v6-m\libnosys.a(fstat.o)
                                 0x24 (size before relaxing)
 .stab          0x0000003c       0x18 c:/program files (x86)/gnu tools arm embedded/6 2017-q1-update/bin/../lib/gcc/arm-none-eabi/6.3.1/../../../../arm-none-eabi/lib/thumb/v6-m\libnosys.a(isatty.o)
                                 0x24 (size before relaxing)
 .stab          0x00000054       0x18 c:/program files (x86)/gnu tools arm embedded/6 2017-q1-update/bin/../lib/gcc/arm-none-eabi/6.3.1/../../../../arm-none-eabi/lib/thumb/v6-m\libnosys.a(lseek.o)
                                 0x24 (size before relaxing)
 .stab          0x0000006c       0x18 c:/program files (x86)/gnu tools arm embedded/6 2017-q1-update/bin/../lib/gcc/arm-none-eabi/6.3.1/../../../../arm-none-eabi/lib/thumb/v6-m\libnosys.a(read.o)
                                 0x24 (size before relaxing)

.stabstr        0x00000000      0x117
 .stabstr       0x00000000      0x117 c:/program files (x86)/gnu tools arm embedded/6 2017-q1-update/bin/../lib/gcc/arm-none-eabi/6.3.1/../../../../arm-none-eabi/lib/thumb/v6-m\libnosys.a(close.o)

Cross Reference Table

Symbol                                            File
ADC1_COMP_IRQHandler                              build/startup_stm32f072xb.o
AHBPrescTable                                     build/system_stm32f0xx.o
                                                  build/stm32f0xx_hal_rcc.o
APBPrescTable                                     build/system_stm32f0xx.o
                                                  build/stm32f0xx_hal_rcc.o
CEC_CAN_IRQHandler                                build/startup_stm32f072xb.o
DMA1_Channel1_IRQHandler                          build/startup_stm32f072xb.o
DMA1_Channel2_3_IRQHandler                        build/startup_stm32f072xb.o
DMA1_Channel4_5_6_7_IRQHandler                    build/startup_stm32f072xb.o
Default_Handler                                   build/startup_stm32f072xb.o
EXTI0_1_IRQHandler                                build/startup_stm32f072xb.o
EXTI2_3_IRQHandler                                build/startup_stm32f072xb.o
EXTI4_15_IRQHandler                               build/startup_stm32f072xb.o
FLASH_IRQHandler                                  build/startup_stm32f072xb.o
FLASH_PageErase                                   build/stm32f0xx_hal_flash_ex.o
                                                  build/stm32f0xx_hal_flash.o
FLASH_WaitForLastOperation                        build/stm32f0xx_hal_flash.o
                                                  build/stm32f0xx_hal_flash_ex.o
HAL_DBGMCU_DisableDBGStandbyMode                  build/stm32f0xx_hal.o
HAL_DBGMCU_DisableDBGStopMode                     build/stm32f0xx_hal.o
HAL_DBGMCU_EnableDBGStandbyMode                   build/stm32f0xx_hal.o
HAL_DBGMCU_EnableDBGStopMode                      build/stm32f0xx_hal.o
HAL_DMA_Abort                                     build/stm32f0xx_hal_dma.o
                                                  build/stm32f0xx_hal_uart.o
HAL_DMA_Abort_IT                                  build/stm32f0xx_hal_dma.o
                                                  build/stm32f0xx_hal_uart.o
                                                  build/stm32f0xx_hal_i2c.o
HAL_DMA_DeInit                                    build/stm32f0xx_hal_dma.o
HAL_DMA_GetError                                  build/stm32f0xx_hal_dma.o
HAL_DMA_GetState                                  build/stm32f0xx_hal_dma.o
HAL_DMA_IRQHandler                                build/stm32f0xx_hal_dma.o
HAL_DMA_Init                                      build/stm32f0xx_hal_dma.o
HAL_DMA_PollForTransfer                           build/stm32f0xx_hal_dma.o
HAL_DMA_RegisterCallback                          build/stm32f0xx_hal_dma.o
HAL_DMA_Start                                     build/stm32f0xx_hal_dma.o
HAL_DMA_Start_IT                                  build/stm32f0xx_hal_dma.o
                                                  build/stm32f0xx_hal_uart.o
                                                  build/stm32f0xx_hal_i2c.o
HAL_DMA_UnRegisterCallback                        build/stm32f0xx_hal_dma.o
HAL_DeInit                                        build/stm32f0xx_hal.o
HAL_Delay                                         build/stm32f0xx_hal.o
HAL_FLASHEx_Erase                                 build/stm32f0xx_hal_flash_ex.o
HAL_FLASHEx_Erase_IT                              build/stm32f0xx_hal_flash_ex.o
HAL_FLASHEx_OBErase                               build/stm32f0xx_hal_flash_ex.o
HAL_FLASHEx_OBGetConfig                           build/stm32f0xx_hal_flash_ex.o
HAL_FLASHEx_OBGetUserData                         build/stm32f0xx_hal_flash_ex.o
HAL_FLASHEx_OBProgram                             build/stm32f0xx_hal_flash_ex.o
HAL_FLASH_EndOfOperationCallback                  build/stm32f0xx_hal_flash.o
HAL_FLASH_GetError                                build/stm32f0xx_hal_flash.o
HAL_FLASH_IRQHandler                              build/stm32f0xx_hal_flash.o
HAL_FLASH_Lock                                    build/stm32f0xx_hal_flash.o
HAL_FLASH_OB_Launch                               build/stm32f0xx_hal_flash.o
HAL_FLASH_OB_Lock                                 build/stm32f0xx_hal_flash.o
HAL_FLASH_OB_Unlock                               build/stm32f0xx_hal_flash.o
HAL_FLASH_OperationErrorCallback                  build/stm32f0xx_hal_flash.o
HAL_FLASH_Program                                 build/stm32f0xx_hal_flash.o
HAL_FLASH_Program_IT                              build/stm32f0xx_hal_flash.o
HAL_FLASH_Unlock                                  build/stm32f0xx_hal_flash.o
HAL_GPIO_DeInit                                   build/stm32f0xx_hal_gpio.o
                                                  build/stm32f0xx_hal_msp.o
HAL_GPIO_EXTI_Callback                            build/stm32f0xx_hal_gpio.o
HAL_GPIO_EXTI_IRQHandler                          build/stm32f0xx_hal_gpio.o
HAL_GPIO_Init                                     build/stm32f0xx_hal_gpio.o
                                                  build/stm32f0xx_hal_msp.o
                                                  build/stm32f0xx_hal_rcc.o
                                                  build/main.o
HAL_GPIO_LockPin                                  build/stm32f0xx_hal_gpio.o
HAL_GPIO_ReadPin                                  build/stm32f0xx_hal_gpio.o
HAL_GPIO_TogglePin                                build/stm32f0xx_hal_gpio.o
HAL_GPIO_WritePin                                 build/stm32f0xx_hal_gpio.o
                                                  build/main.o
HAL_GetDEVID                                      build/stm32f0xx_hal.o
HAL_GetHalVersion                                 build/stm32f0xx_hal.o
HAL_GetREVID                                      build/stm32f0xx_hal.o
HAL_GetTick                                       build/stm32f0xx_hal.o
                                                  build/stm32f0xx_hal_uart.o
                                                  build/stm32f0xx_hal_dma.o
                                                  build/stm32f0xx_hal_rcc.o
                                                  build/stm32f0xx_hal_uart_ex.o
                                                  build/stm32f0xx_hal_rtc.o
                                                  build/stm32f0xx_hal_i2c.o
                                                  build/stm32f0xx_hal_rcc_ex.o
                                                  build/stm32f0xx_hal_flash.o
                                                  build/stm32f0xx_hal_rtc_ex.o
HAL_GetUIDw0                                      build/stm32f0xx_hal.o
HAL_GetUIDw1                                      build/stm32f0xx_hal.o
HAL_GetUIDw2                                      build/stm32f0xx_hal.o
HAL_HalfDuplex_EnableReceiver                     build/stm32f0xx_hal_uart.o
HAL_HalfDuplex_EnableTransmitter                  build/stm32f0xx_hal_uart.o
HAL_HalfDuplex_Init                               build/stm32f0xx_hal_uart.o
HAL_I2CEx_ConfigAnalogFilter                      build/stm32f0xx_hal_i2c_ex.o
HAL_I2CEx_ConfigDigitalFilter                     build/stm32f0xx_hal_i2c_ex.o
HAL_I2CEx_DisableFastModePlus                     build/stm32f0xx_hal_i2c_ex.o
HAL_I2CEx_DisableWakeUp                           build/stm32f0xx_hal_i2c_ex.o
HAL_I2CEx_EnableFastModePlus                      build/stm32f0xx_hal_i2c_ex.o
HAL_I2CEx_EnableWakeUp                            build/stm32f0xx_hal_i2c_ex.o
HAL_I2C_AbortCpltCallback                         build/stm32f0xx_hal_i2c.o
HAL_I2C_AddrCallback                              build/stm32f0xx_hal_i2c.o
HAL_I2C_DeInit                                    build/stm32f0xx_hal_i2c.o
HAL_I2C_DisableListen_IT                          build/stm32f0xx_hal_i2c.o
HAL_I2C_ER_IRQHandler                             build/stm32f0xx_hal_i2c.o
HAL_I2C_EV_IRQHandler                             build/stm32f0xx_hal_i2c.o
HAL_I2C_EnableListen_IT                           build/stm32f0xx_hal_i2c.o
HAL_I2C_ErrorCallback                             build/stm32f0xx_hal_i2c.o
HAL_I2C_GetError                                  build/stm32f0xx_hal_i2c.o
HAL_I2C_GetMode                                   build/stm32f0xx_hal_i2c.o
HAL_I2C_GetState                                  build/stm32f0xx_hal_i2c.o
HAL_I2C_Init                                      build/stm32f0xx_hal_i2c.o
HAL_I2C_IsDeviceReady                             build/stm32f0xx_hal_i2c.o
HAL_I2C_ListenCpltCallback                        build/stm32f0xx_hal_i2c.o
HAL_I2C_MasterRxCpltCallback                      build/stm32f0xx_hal_i2c.o
HAL_I2C_MasterTxCpltCallback                      build/stm32f0xx_hal_i2c.o
HAL_I2C_Master_Abort_IT                           build/stm32f0xx_hal_i2c.o
HAL_I2C_Master_Receive                            build/stm32f0xx_hal_i2c.o
HAL_I2C_Master_Receive_DMA                        build/stm32f0xx_hal_i2c.o
HAL_I2C_Master_Receive_IT                         build/stm32f0xx_hal_i2c.o
HAL_I2C_Master_Sequential_Receive_IT              build/stm32f0xx_hal_i2c.o
HAL_I2C_Master_Sequential_Transmit_IT             build/stm32f0xx_hal_i2c.o
HAL_I2C_Master_Transmit                           build/stm32f0xx_hal_i2c.o
HAL_I2C_Master_Transmit_DMA                       build/stm32f0xx_hal_i2c.o
HAL_I2C_Master_Transmit_IT                        build/stm32f0xx_hal_i2c.o
HAL_I2C_MemRxCpltCallback                         build/stm32f0xx_hal_i2c.o
HAL_I2C_MemTxCpltCallback                         build/stm32f0xx_hal_i2c.o
HAL_I2C_Mem_Read                                  build/stm32f0xx_hal_i2c.o
HAL_I2C_Mem_Read_DMA                              build/stm32f0xx_hal_i2c.o
HAL_I2C_Mem_Read_IT                               build/stm32f0xx_hal_i2c.o
HAL_I2C_Mem_Write                                 build/stm32f0xx_hal_i2c.o
HAL_I2C_Mem_Write_DMA                             build/stm32f0xx_hal_i2c.o
HAL_I2C_Mem_Write_IT                              build/stm32f0xx_hal_i2c.o
HAL_I2C_MspDeInit                                 build/stm32f0xx_hal_i2c.o
HAL_I2C_MspInit                                   build/stm32f0xx_hal_i2c.o
HAL_I2C_SlaveRxCpltCallback                       build/stm32f0xx_hal_i2c.o
HAL_I2C_SlaveTxCpltCallback                       build/stm32f0xx_hal_i2c.o
HAL_I2C_Slave_Receive                             build/stm32f0xx_hal_i2c.o
HAL_I2C_Slave_Receive_DMA                         build/stm32f0xx_hal_i2c.o
HAL_I2C_Slave_Receive_IT                          build/stm32f0xx_hal_i2c.o
HAL_I2C_Slave_Sequential_Receive_IT               build/stm32f0xx_hal_i2c.o
HAL_I2C_Slave_Sequential_Transmit_IT              build/stm32f0xx_hal_i2c.o
HAL_I2C_Slave_Transmit                            build/stm32f0xx_hal_i2c.o
HAL_I2C_Slave_Transmit_DMA                        build/stm32f0xx_hal_i2c.o
HAL_I2C_Slave_Transmit_IT                         build/stm32f0xx_hal_i2c.o
HAL_IncTick                                       build/stm32f0xx_hal.o
                                                  build/stm32f0xx_it.o
HAL_Init                                          build/stm32f0xx_hal.o
                                                  build/main.o
HAL_InitTick                                      build/stm32f0xx_hal.o
                                                  build/stm32f0xx_hal_rcc.o
HAL_LIN_Init                                      build/stm32f0xx_hal_uart_ex.o
HAL_LIN_SendBreak                                 build/stm32f0xx_hal_uart_ex.o
HAL_MspDeInit                                     build/stm32f0xx_hal.o
HAL_MspInit                                       build/stm32f0xx_hal_msp.o
HAL_MultiProcessorEx_AddressLength_Set            build/stm32f0xx_hal_uart_ex.o
HAL_MultiProcessor_DisableMuteMode                build/stm32f0xx_hal_uart.o
HAL_MultiProcessor_EnableMuteMode                 build/stm32f0xx_hal_uart.o
HAL_MultiProcessor_EnterMuteMode                  build/stm32f0xx_hal_uart.o
HAL_MultiProcessor_Init                           build/stm32f0xx_hal_uart.o
HAL_NVIC_ClearPendingIRQ                          build/stm32f0xx_hal_cortex.o
HAL_NVIC_DisableIRQ                               build/stm32f0xx_hal_cortex.o
HAL_NVIC_EnableIRQ                                build/stm32f0xx_hal_cortex.o
HAL_NVIC_GetPendingIRQ                            build/stm32f0xx_hal_cortex.o
HAL_NVIC_GetPriority                              build/stm32f0xx_hal_cortex.o
HAL_NVIC_SetPendingIRQ                            build/stm32f0xx_hal_cortex.o
HAL_NVIC_SetPriority                              build/stm32f0xx_hal_cortex.o
                                                  build/stm32f0xx_hal.o
                                                  build/stm32f0xx_hal_msp.o
                                                  build/main.o
HAL_NVIC_SystemReset                              build/stm32f0xx_hal_cortex.o
HAL_PWREx_DisableVddio2Monitor                    build/stm32f0xx_hal_pwr_ex.o
HAL_PWREx_EnableVddio2Monitor                     build/stm32f0xx_hal_pwr_ex.o
HAL_PWREx_Vddio2MonitorCallback                   build/stm32f0xx_hal_pwr_ex.o
HAL_PWREx_Vddio2Monitor_IRQHandler                build/stm32f0xx_hal_pwr_ex.o
HAL_PWR_ConfigPVD                                 build/stm32f0xx_hal_pwr_ex.o
HAL_PWR_DeInit                                    build/stm32f0xx_hal_pwr.o
HAL_PWR_DisableBkUpAccess                         build/stm32f0xx_hal_pwr.o
HAL_PWR_DisablePVD                                build/stm32f0xx_hal_pwr_ex.o
HAL_PWR_DisableSEVOnPend                          build/stm32f0xx_hal_pwr.o
HAL_PWR_DisableSleepOnExit                        build/stm32f0xx_hal_pwr.o
HAL_PWR_DisableWakeUpPin                          build/stm32f0xx_hal_pwr.o
HAL_PWR_EnableBkUpAccess                          build/stm32f0xx_hal_pwr.o
HAL_PWR_EnablePVD                                 build/stm32f0xx_hal_pwr_ex.o
HAL_PWR_EnableSEVOnPend                           build/stm32f0xx_hal_pwr.o
HAL_PWR_EnableSleepOnExit                         build/stm32f0xx_hal_pwr.o
HAL_PWR_EnableWakeUpPin                           build/stm32f0xx_hal_pwr.o
HAL_PWR_EnterSLEEPMode                            build/stm32f0xx_hal_pwr.o
HAL_PWR_EnterSTANDBYMode                          build/stm32f0xx_hal_pwr.o
HAL_PWR_EnterSTOPMode                             build/stm32f0xx_hal_pwr.o
HAL_PWR_PVDCallback                               build/stm32f0xx_hal_pwr_ex.o
HAL_PWR_PVD_IRQHandler                            build/stm32f0xx_hal_pwr_ex.o
HAL_RCCEx_CRSConfig                               build/stm32f0xx_hal_rcc_ex.o
HAL_RCCEx_CRSGetSynchronizationInfo               build/stm32f0xx_hal_rcc_ex.o
HAL_RCCEx_CRSSoftwareSynchronizationGenerate      build/stm32f0xx_hal_rcc_ex.o
HAL_RCCEx_CRSWaitSynchronization                  build/stm32f0xx_hal_rcc_ex.o
HAL_RCCEx_CRS_ErrorCallback                       build/stm32f0xx_hal_rcc_ex.o
HAL_RCCEx_CRS_ExpectedSyncCallback                build/stm32f0xx_hal_rcc_ex.o
HAL_RCCEx_CRS_IRQHandler                          build/stm32f0xx_hal_rcc_ex.o
HAL_RCCEx_CRS_SyncOkCallback                      build/stm32f0xx_hal_rcc_ex.o
HAL_RCCEx_CRS_SyncWarnCallback                    build/stm32f0xx_hal_rcc_ex.o
HAL_RCCEx_GetPeriphCLKConfig                      build/stm32f0xx_hal_rcc_ex.o
HAL_RCCEx_GetPeriphCLKFreq                        build/stm32f0xx_hal_rcc_ex.o
HAL_RCCEx_PeriphCLKConfig                         build/stm32f0xx_hal_rcc_ex.o
                                                  build/main.o
HAL_RCC_CSSCallback                               build/stm32f0xx_hal_rcc.o
HAL_RCC_ClockConfig                               build/stm32f0xx_hal_rcc.o
                                                  build/main.o
HAL_RCC_DeInit                                    build/stm32f0xx_hal_rcc.o
HAL_RCC_DisableCSS                                build/stm32f0xx_hal_rcc.o
HAL_RCC_EnableCSS                                 build/stm32f0xx_hal_rcc.o
HAL_RCC_GetClockConfig                            build/stm32f0xx_hal_rcc.o
HAL_RCC_GetHCLKFreq                               build/stm32f0xx_hal_rcc.o
                                                  build/stm32f0xx_hal.o
                                                  build/main.o
HAL_RCC_GetOscConfig                              build/stm32f0xx_hal_rcc.o
HAL_RCC_GetPCLK1Freq                              build/stm32f0xx_hal_rcc.o
                                                  build/stm32f0xx_hal_uart.o
                                                  build/stm32f0xx_hal_rcc_ex.o
HAL_RCC_GetSysClockFreq                           build/stm32f0xx_hal_rcc.o
                                                  build/stm32f0xx_hal_uart.o
                                                  build/stm32f0xx_hal_rcc_ex.o
HAL_RCC_MCOConfig                                 build/stm32f0xx_hal_rcc.o
HAL_RCC_NMI_IRQHandler                            build/stm32f0xx_hal_rcc.o
HAL_RCC_OscConfig                                 build/stm32f0xx_hal_rcc.o
                                                  build/main.o
HAL_RS485Ex_Init                                  build/stm32f0xx_hal_uart_ex.o
HAL_RTCEx_BKUPRead                                build/stm32f0xx_hal_rtc_ex.o
                                                  build/main.o
HAL_RTCEx_BKUPWrite                               build/stm32f0xx_hal_rtc_ex.o
                                                  build/main.o
HAL_RTCEx_DeactivateCalibrationOutPut             build/stm32f0xx_hal_rtc_ex.o
HAL_RTCEx_DeactivateRefClock                      build/stm32f0xx_hal_rtc_ex.o
HAL_RTCEx_DeactivateTamper                        build/stm32f0xx_hal_rtc_ex.o
HAL_RTCEx_DeactivateTimeStamp                     build/stm32f0xx_hal_rtc_ex.o
HAL_RTCEx_DeactivateWakeUpTimer                   build/stm32f0xx_hal_rtc_ex.o
HAL_RTCEx_DisableBypassShadow                     build/stm32f0xx_hal_rtc_ex.o
HAL_RTCEx_EnableBypassShadow                      build/stm32f0xx_hal_rtc_ex.o
HAL_RTCEx_GetTimeStamp                            build/stm32f0xx_hal_rtc_ex.o
HAL_RTCEx_GetWakeUpTimer                          build/stm32f0xx_hal_rtc_ex.o
HAL_RTCEx_PollForTamper1Event                     build/stm32f0xx_hal_rtc_ex.o
HAL_RTCEx_PollForTamper2Event                     build/stm32f0xx_hal_rtc_ex.o
HAL_RTCEx_PollForTamper3Event                     build/stm32f0xx_hal_rtc_ex.o
HAL_RTCEx_PollForTimeStampEvent                   build/stm32f0xx_hal_rtc_ex.o
HAL_RTCEx_PollForWakeUpTimerEvent                 build/stm32f0xx_hal_rtc_ex.o
HAL_RTCEx_SetCalibrationOutPut                    build/stm32f0xx_hal_rtc_ex.o
HAL_RTCEx_SetRefClock                             build/stm32f0xx_hal_rtc_ex.o
HAL_RTCEx_SetSmoothCalib                          build/stm32f0xx_hal_rtc_ex.o
HAL_RTCEx_SetSynchroShift                         build/stm32f0xx_hal_rtc_ex.o
HAL_RTCEx_SetTamper                               build/stm32f0xx_hal_rtc_ex.o
HAL_RTCEx_SetTamper_IT                            build/stm32f0xx_hal_rtc_ex.o
HAL_RTCEx_SetTimeStamp                            build/stm32f0xx_hal_rtc_ex.o
HAL_RTCEx_SetTimeStamp_IT                         build/stm32f0xx_hal_rtc_ex.o
HAL_RTCEx_SetWakeUpTimer                          build/stm32f0xx_hal_rtc_ex.o
HAL_RTCEx_SetWakeUpTimer_IT                       build/stm32f0xx_hal_rtc_ex.o
HAL_RTCEx_Tamper1EventCallback                    build/stm32f0xx_hal_rtc_ex.o
HAL_RTCEx_Tamper2EventCallback                    build/stm32f0xx_hal_rtc_ex.o
HAL_RTCEx_Tamper3EventCallback                    build/stm32f0xx_hal_rtc_ex.o
HAL_RTCEx_TamperTimeStampIRQHandler               build/stm32f0xx_hal_rtc_ex.o
HAL_RTCEx_TimeStampEventCallback                  build/stm32f0xx_hal_rtc_ex.o
HAL_RTCEx_WakeUpTimerEventCallback                build/stm32f0xx_hal_rtc_ex.o
HAL_RTCEx_WakeUpTimerIRQHandler                   build/stm32f0xx_hal_rtc_ex.o
HAL_RTC_AlarmAEventCallback                       build/stm32f0xx_hal_rtc.o
HAL_RTC_AlarmIRQHandler                           build/stm32f0xx_hal_rtc.o
HAL_RTC_DeInit                                    build/stm32f0xx_hal_rtc.o
HAL_RTC_DeactivateAlarm                           build/stm32f0xx_hal_rtc.o
HAL_RTC_GetAlarm                                  build/stm32f0xx_hal_rtc.o
HAL_RTC_GetDate                                   build/stm32f0xx_hal_rtc.o
HAL_RTC_GetState                                  build/stm32f0xx_hal_rtc.o
HAL_RTC_GetTime                                   build/stm32f0xx_hal_rtc.o
HAL_RTC_Init                                      build/stm32f0xx_hal_rtc.o
                                                  build/main.o
HAL_RTC_MspDeInit                                 build/stm32f0xx_hal_msp.o
                                                  build/stm32f0xx_hal_rtc.o
HAL_RTC_MspInit                                   build/stm32f0xx_hal_msp.o
                                                  build/stm32f0xx_hal_rtc.o
HAL_RTC_PollForAlarmAEvent                        build/stm32f0xx_hal_rtc.o
HAL_RTC_SetAlarm                                  build/stm32f0xx_hal_rtc.o
HAL_RTC_SetAlarm_IT                               build/stm32f0xx_hal_rtc.o
HAL_RTC_SetDate                                   build/stm32f0xx_hal_rtc.o
                                                  build/main.o
HAL_RTC_SetTime                                   build/stm32f0xx_hal_rtc.o
                                                  build/main.o
HAL_RTC_WaitForSynchro                            build/stm32f0xx_hal_rtc.o
                                                  build/stm32f0xx_hal_rtc_ex.o
HAL_ResumeTick                                    build/stm32f0xx_hal.o
HAL_SYSTICK_CLKSourceConfig                       build/stm32f0xx_hal_cortex.o
                                                  build/main.o
HAL_SYSTICK_Callback                              build/stm32f0xx_hal_cortex.o
HAL_SYSTICK_Config                                build/stm32f0xx_hal_cortex.o
                                                  build/stm32f0xx_hal.o
                                                  build/main.o
HAL_SYSTICK_IRQHandler                            build/stm32f0xx_hal_cortex.o
HAL_SuspendTick                                   build/stm32f0xx_hal.o
HAL_UARTEx_DisableStopMode                        build/stm32f0xx_hal_uart_ex.o
HAL_UARTEx_EnableStopMode                         build/stm32f0xx_hal_uart_ex.o
HAL_UARTEx_StopModeWakeUpSourceConfig             build/stm32f0xx_hal_uart_ex.o
HAL_UARTEx_WakeupCallback                         build/stm32f0xx_hal_uart_ex.o
                                                  build/stm32f0xx_hal_uart.o
HAL_UART_Abort                                    build/stm32f0xx_hal_uart.o
HAL_UART_AbortCpltCallback                        build/stm32f0xx_hal_uart.o
HAL_UART_AbortReceive                             build/stm32f0xx_hal_uart.o
HAL_UART_AbortReceiveCpltCallback                 build/stm32f0xx_hal_uart.o
HAL_UART_AbortReceive_IT                          build/stm32f0xx_hal_uart.o
HAL_UART_AbortTransmit                            build/stm32f0xx_hal_uart.o
HAL_UART_AbortTransmitCpltCallback                build/stm32f0xx_hal_uart.o
HAL_UART_AbortTransmit_IT                         build/stm32f0xx_hal_uart.o
HAL_UART_Abort_IT                                 build/stm32f0xx_hal_uart.o
HAL_UART_DMAPause                                 build/stm32f0xx_hal_uart.o
HAL_UART_DMAResume                                build/stm32f0xx_hal_uart.o
HAL_UART_DMAStop                                  build/stm32f0xx_hal_uart.o
HAL_UART_DeInit                                   build/stm32f0xx_hal_uart.o
HAL_UART_ErrorCallback                            build/stm32f0xx_hal_uart.o
HAL_UART_GetError                                 build/stm32f0xx_hal_uart.o
HAL_UART_GetState                                 build/stm32f0xx_hal_uart.o
HAL_UART_IRQHandler                               build/stm32f0xx_hal_uart.o
HAL_UART_Init                                     build/stm32f0xx_hal_uart.o
                                                  build/uart.o
HAL_UART_MspDeInit                                build/stm32f0xx_hal_msp.o
                                                  build/stm32f0xx_hal_uart.o
HAL_UART_MspInit                                  build/stm32f0xx_hal_msp.o
                                                  build/stm32f0xx_hal_uart.o
                                                  build/stm32f0xx_hal_uart_ex.o
HAL_UART_Receive                                  build/stm32f0xx_hal_uart.o
HAL_UART_Receive_DMA                              build/stm32f0xx_hal_uart.o
HAL_UART_Receive_IT                               build/stm32f0xx_hal_uart.o
HAL_UART_RxCpltCallback                           build/stm32f0xx_hal_uart.o
HAL_UART_RxHalfCpltCallback                       build/stm32f0xx_hal_uart.o
HAL_UART_Transmit                                 build/stm32f0xx_hal_uart.o
                                                  build/uart.o
HAL_UART_Transmit_DMA                             build/stm32f0xx_hal_uart.o
HAL_UART_Transmit_IT                              build/stm32f0xx_hal_uart.o
HAL_UART_TxCpltCallback                           build/stm32f0xx_hal_uart.o
HAL_UART_TxHalfCpltCallback                       build/stm32f0xx_hal_uart.o
HardFault_Handler                                 build/startup_stm32f072xb.o
I2C1_IRQHandler                                   build/startup_stm32f072xb.o
I2C2_IRQHandler                                   build/startup_stm32f072xb.o
MX_USART2_UART_Init                               build/uart.o
                                                  build/main.o
NMI_Handler                                       build/startup_stm32f072xb.o
PVD_VDDIO2_IRQHandler                             build/startup_stm32f072xb.o
PendSV_Handler                                    build/port.o
RCC_CRS_IRQHandler                                build/startup_stm32f072xb.o
RTC_Bcd2ToByte                                    build/stm32f0xx_hal_rtc.o
                                                  build/stm32f0xx_hal_rtc_ex.o
RTC_ByteToBcd2                                    build/stm32f0xx_hal_rtc.o
RTC_EnterInitMode                                 build/stm32f0xx_hal_rtc.o
                                                  build/stm32f0xx_hal_rtc_ex.o
RTC_IRQHandler                                    build/startup_stm32f072xb.o
Reset_Handler                                     build/startup_stm32f072xb.o
SPI1_IRQHandler                                   build/startup_stm32f072xb.o
SPI2_IRQHandler                                   build/startup_stm32f072xb.o
SVC_Handler                                       build/port.o
StartDefaultTask                                  build/main.o
SysTick_Handler                                   build/stm32f0xx_it.o
SystemClock_Config                                build/main.o
SystemCoreClock                                   build/system_stm32f0xx.o
                                                  build/port.o
                                                  build/stm32f0xx_hal_rcc.o
SystemCoreClockUpdate                             build/system_stm32f0xx.o
SystemInit                                        build/system_stm32f0xx.o
                                                  build/startup_stm32f072xb.o
TIM14_IRQHandler                                  build/startup_stm32f072xb.o
TIM15_IRQHandler                                  build/startup_stm32f072xb.o
TIM16_IRQHandler                                  build/startup_stm32f072xb.o
TIM17_IRQHandler                                  build/startup_stm32f072xb.o
TIM1_BRK_UP_TRG_COM_IRQHandler                    build/startup_stm32f072xb.o
TIM1_CC_IRQHandler                                build/startup_stm32f072xb.o
TIM2_IRQHandler                                   build/startup_stm32f072xb.o
TIM3_IRQHandler                                   build/startup_stm32f072xb.o